2025-10-05T00:44:29.8885753Z Current runner version: '2.328.0'
2025-10-05T00:44:29.8909438Z ##[group]Runner Image Provisioner
2025-10-05T00:44:29.8910278Z Hosted Compute Agent
2025-10-05T00:44:29.8910868Z Version: 20250912.392
2025-10-05T00:44:29.8911494Z Commit: d921fda672a98b64f4f82364647e2f10b2267d0b
2025-10-05T00:44:29.8912183Z Build Date: 2025-09-12T15:23:14Z
2025-10-05T00:44:29.8912948Z ##[endgroup]
2025-10-05T00:44:29.8913550Z ##[group]Operating System
2025-10-05T00:44:29.8914076Z Ubuntu
2025-10-05T00:44:29.8914582Z 24.04.3
2025-10-05T00:44:29.8915025Z LTS
2025-10-05T00:44:29.8915474Z ##[endgroup]
2025-10-05T00:44:29.8915908Z ##[group]Runner Image
2025-10-05T00:44:29.8916585Z Image: ubuntu-24.04
2025-10-05T00:44:29.8917085Z Version: 20250929.60.1
2025-10-05T00:44:29.8918036Z Included Software: https://github.com/actions/runner-images/blob/ubuntu24/20250929.60/images/ubuntu/Ubuntu2404-Readme.md
2025-10-05T00:44:29.8919579Z Image Release: https://github.com/actions/runner-images/releases/tag/ubuntu24%2F20250929.60
2025-10-05T00:44:29.8920594Z ##[endgroup]
2025-10-05T00:44:29.8921684Z ##[group]GITHUB_TOKEN Permissions
2025-10-05T00:44:29.8923814Z Contents: read
2025-10-05T00:44:29.8924439Z Metadata: read
2025-10-05T00:44:29.8924941Z Packages: read
2025-10-05T00:44:29.8925389Z ##[endgroup]
2025-10-05T00:44:29.8927424Z Secret source: Actions
2025-10-05T00:44:29.8928099Z Prepare workflow directory
2025-10-05T00:44:29.9239966Z Prepare all required actions
2025-10-05T00:44:29.9283874Z Getting action download info
2025-10-05T00:44:30.3627079Z Download action repository 'actions/checkout@v4' (SHA:08eba0b27e820071cde6df949e0beb9ba4906955)
2025-10-05T00:44:30.5477576Z Download action repository 'actions/setup-node@v4' (SHA:49933ea5288caeca8642d1e84afbd3f7d6820020)
2025-10-05T00:44:30.7741395Z Complete job name: E2E (Playwright)
2025-10-05T00:44:30.8410890Z ##[group]Run actions/checkout@v4
2025-10-05T00:44:30.8411704Z with:
2025-10-05T00:44:30.8412158Z   repository: XavierLimaTI/TransparenciaPolitica
2025-10-05T00:44:30.8413021Z   token: ***
2025-10-05T00:44:30.8413415Z   ssh-strict: true
2025-10-05T00:44:30.8413795Z   ssh-user: git
2025-10-05T00:44:30.8414186Z   persist-credentials: true
2025-10-05T00:44:30.8414616Z   clean: true
2025-10-05T00:44:30.8415007Z   sparse-checkout-cone-mode: true
2025-10-05T00:44:30.8415468Z   fetch-depth: 1
2025-10-05T00:44:30.8415893Z   fetch-tags: false
2025-10-05T00:44:30.8416286Z   show-progress: true
2025-10-05T00:44:30.8416670Z   lfs: false
2025-10-05T00:44:30.8417032Z   submodules: false
2025-10-05T00:44:30.8417417Z   set-safe-directory: true
2025-10-05T00:44:30.8418103Z ##[endgroup]
2025-10-05T00:44:30.9479775Z Syncing repository: XavierLimaTI/TransparenciaPolitica
2025-10-05T00:44:30.9482483Z ##[group]Getting Git version info
2025-10-05T00:44:30.9484108Z Working directory is '/home/runner/work/TransparenciaPolitica/TransparenciaPolitica'
2025-10-05T00:44:30.9485934Z [command]/usr/bin/git version
2025-10-05T00:44:30.9549125Z git version 2.51.0
2025-10-05T00:44:30.9575934Z ##[endgroup]
2025-10-05T00:44:30.9590132Z Temporarily overriding HOME='/home/runner/work/_temp/d1dc6d58-588e-40b4-bc22-1ad4df8d2d5f' before making global git config changes
2025-10-05T00:44:30.9592807Z Adding repository directory to the temporary git global config as a safe directory
2025-10-05T00:44:30.9604684Z [command]/usr/bin/git config --global --add safe.directory /home/runner/work/TransparenciaPolitica/TransparenciaPolitica
2025-10-05T00:44:30.9643595Z Deleting the contents of '/home/runner/work/TransparenciaPolitica/TransparenciaPolitica'
2025-10-05T00:44:30.9646656Z ##[group]Initializing the repository
2025-10-05T00:44:30.9650911Z [command]/usr/bin/git init /home/runner/work/TransparenciaPolitica/TransparenciaPolitica
2025-10-05T00:44:30.9756652Z hint: Using 'master' as the name for the initial branch. This default branch name
2025-10-05T00:44:30.9758411Z hint: is subject to change. To configure the initial branch name to use in all
2025-10-05T00:44:30.9759989Z hint: of your new repositories, which will suppress this warning, call:
2025-10-05T00:44:30.9761586Z hint:
2025-10-05T00:44:30.9762526Z hint: 	git config --global init.defaultBranch <name>
2025-10-05T00:44:30.9763890Z hint:
2025-10-05T00:44:30.9764836Z hint: Names commonly chosen instead of 'master' are 'main', 'trunk' and
2025-10-05T00:44:30.9766386Z hint: 'development'. The just-created branch can be renamed via this command:
2025-10-05T00:44:30.9767631Z hint:
2025-10-05T00:44:30.9768273Z hint: 	git branch -m <name>
2025-10-05T00:44:30.9769004Z hint:
2025-10-05T00:44:30.9769979Z hint: Disable this message with "git config set advice.defaultBranchName false"
2025-10-05T00:44:30.9771937Z Initialized empty Git repository in /home/runner/work/TransparenciaPolitica/TransparenciaPolitica/.git/
2025-10-05T00:44:30.9775212Z [command]/usr/bin/git remote add origin https://github.com/XavierLimaTI/TransparenciaPolitica
2025-10-05T00:44:30.9813431Z ##[endgroup]
2025-10-05T00:44:30.9814711Z ##[group]Disabling automatic garbage collection
2025-10-05T00:44:30.9817778Z [command]/usr/bin/git config --local gc.auto 0
2025-10-05T00:44:30.9848070Z ##[endgroup]
2025-10-05T00:44:30.9849178Z ##[group]Setting up auth
2025-10-05T00:44:30.9855620Z [command]/usr/bin/git config --local --name-only --get-regexp core\.sshCommand
2025-10-05T00:44:30.9887104Z [command]/usr/bin/git submodule foreach --recursive sh -c "git config --local --name-only --get-regexp 'core\.sshCommand' && git config --local --unset-all 'core.sshCommand' || :"
2025-10-05T00:44:31.0241854Z [command]/usr/bin/git config --local --name-only --get-regexp http\.https\:\/\/github\.com\/\.extraheader
2025-10-05T00:44:31.0270712Z [command]/usr/bin/git submodule foreach --recursive sh -c "git config --local --name-only --get-regexp 'http\.https\:\/\/github\.com\/\.extraheader' && git config --local --unset-all 'http.https://github.com/.extraheader' || :"
2025-10-05T00:44:31.0486639Z [command]/usr/bin/git config --local http.https://github.com/.extraheader AUTHORIZATION: basic ***
2025-10-05T00:44:31.0527738Z ##[endgroup]
2025-10-05T00:44:31.0535496Z ##[group]Fetching the repository
2025-10-05T00:44:31.0536821Z [command]/usr/bin/git -c protocol.version=2 fetch --no-tags --prune --no-recurse-submodules --depth=1 origin +1c71c75bf9a88f622a89d94215c89e91abc3b7ed:refs/remotes/origin/main
2025-10-05T00:44:31.7047681Z From https://github.com/XavierLimaTI/TransparenciaPolitica
2025-10-05T00:44:31.7048793Z  * [new ref]         1c71c75bf9a88f622a89d94215c89e91abc3b7ed -> origin/main
2025-10-05T00:44:31.7077670Z ##[endgroup]
2025-10-05T00:44:31.7078454Z ##[group]Determining the checkout info
2025-10-05T00:44:31.7079600Z ##[endgroup]
2025-10-05T00:44:31.7084818Z [command]/usr/bin/git sparse-checkout disable
2025-10-05T00:44:31.7123455Z [command]/usr/bin/git config --local --unset-all extensions.worktreeConfig
2025-10-05T00:44:31.7149737Z ##[group]Checking out the ref
2025-10-05T00:44:31.7155455Z [command]/usr/bin/git checkout --progress --force -B main refs/remotes/origin/main
2025-10-05T00:44:31.7526744Z Switched to a new branch 'main'
2025-10-05T00:44:31.7528079Z branch 'main' set up to track 'origin/main'.
2025-10-05T00:44:31.7539303Z ##[endgroup]
2025-10-05T00:44:31.7577285Z [command]/usr/bin/git log -1 --format=%H
2025-10-05T00:44:31.7599422Z 1c71c75bf9a88f622a89d94215c89e91abc3b7ed
2025-10-05T00:44:31.7893306Z ##[group]Run actions/setup-node@v4
2025-10-05T00:44:31.7894468Z with:
2025-10-05T00:44:31.7895289Z   node-version: 18
2025-10-05T00:44:31.7896177Z   always-auth: false
2025-10-05T00:44:31.7897092Z   check-latest: false
2025-10-05T00:44:31.7898249Z   token: ***
2025-10-05T00:44:31.7899059Z ##[endgroup]
2025-10-05T00:44:31.9889767Z Found in cache @ /opt/hostedtoolcache/node/18.20.8/x64
2025-10-05T00:44:31.9897654Z ##[group]Environment details
2025-10-05T00:44:34.1377690Z node: v18.20.8
2025-10-05T00:44:34.1378390Z npm: 10.8.2
2025-10-05T00:44:34.1378916Z yarn: 1.22.22
2025-10-05T00:44:34.1380961Z ##[endgroup]
2025-10-05T00:44:34.1484989Z ##[group]Run npm ci
2025-10-05T00:44:34.1485330Z [36;1mnpm ci[0m
2025-10-05T00:44:34.1589876Z shell: /usr/bin/bash -e {0}
2025-10-05T00:44:34.1590527Z ##[endgroup]
2025-10-05T00:44:39.7140370Z npm warn deprecated inflight@1.0.6: This module is not supported, and leaks memory. Do not use it. Check out lru-cache if you want a good and tested way to coalesce async requests by a key value, which is much more comprehensive and powerful.
2025-10-05T00:44:39.9256573Z npm warn deprecated glob@7.2.3: Glob versions prior to v9 are no longer supported
2025-10-05T00:44:40.0679023Z npm warn deprecated domexception@4.0.0: Use your platform's native DOMException instead
2025-10-05T00:44:40.3231108Z npm warn deprecated abab@2.0.6: Use your platform's native atob() and btoa() methods instead
2025-10-05T00:44:47.4405848Z 
2025-10-05T00:44:47.4406994Z added 477 packages, and audited 478 packages in 13s
2025-10-05T00:44:47.4413498Z 
2025-10-05T00:44:47.4413831Z 56 packages are looking for funding
2025-10-05T00:44:47.4414395Z   run `npm fund` for details
2025-10-05T00:44:47.4476468Z 
2025-10-05T00:44:47.4493458Z 1 moderate severity vulnerability
2025-10-05T00:44:47.4494080Z 
2025-10-05T00:44:47.4494776Z To address all issues (including breaking changes), run:
2025-10-05T00:44:47.4495482Z   npm audit fix --force
2025-10-05T00:44:47.4495889Z 
2025-10-05T00:44:47.4496247Z Run `npm audit` for details.
2025-10-05T00:44:47.4883517Z ##[group]Run npx playwright install --with-deps
2025-10-05T00:44:47.4883965Z [36;1mnpx playwright install --with-deps[0m
2025-10-05T00:44:47.4919352Z shell: /usr/bin/bash -e {0}
2025-10-05T00:44:47.4919601Z ##[endgroup]
2025-10-05T00:44:48.5105722Z Installing dependencies...
2025-10-05T00:44:48.5178938Z Switching to root user to install dependencies...
2025-10-05T00:44:48.6446935Z Get:1 file:/etc/apt/apt-mirrors.txt Mirrorlist [144 B]
2025-10-05T00:44:48.6806252Z Hit:6 https://packages.microsoft.com/repos/azure-cli noble InRelease
2025-10-05T00:44:48.6807889Z Get:7 https://packages.microsoft.com/ubuntu/24.04/prod noble InRelease [3600 B]
2025-10-05T00:44:48.8107115Z Hit:2 http://azure.archive.ubuntu.com/ubuntu noble InRelease
2025-10-05T00:44:48.8118567Z Get:3 http://azure.archive.ubuntu.com/ubuntu noble-updates InRelease [126 kB]
2025-10-05T00:44:48.8149491Z Get:4 http://azure.archive.ubuntu.com/ubuntu noble-backports InRelease [126 kB]
2025-10-05T00:44:48.8167480Z Get:5 http://azure.archive.ubuntu.com/ubuntu noble-security InRelease [126 kB]
2025-10-05T00:44:48.8321468Z Get:8 https://packages.microsoft.com/ubuntu/24.04/prod noble/main arm64 Packages [42.4 kB]
2025-10-05T00:44:48.8527673Z Get:9 https://packages.microsoft.com/ubuntu/24.04/prod noble/main amd64 Packages [59.5 kB]
2025-10-05T00:44:48.8626786Z Get:10 https://packages.microsoft.com/ubuntu/24.04/prod noble/main armhf Packages [10.5 kB]
2025-10-05T00:44:48.9340313Z Get:11 http://azure.archive.ubuntu.com/ubuntu noble-updates/main amd64 Packages [1484 kB]
2025-10-05T00:44:48.9432235Z Get:12 http://azure.archive.ubuntu.com/ubuntu noble-updates/main Translation-en [286 kB]
2025-10-05T00:44:48.9454791Z Get:13 http://azure.archive.ubuntu.com/ubuntu noble-updates/main amd64 Components [175 kB]
2025-10-05T00:44:48.9474030Z Get:14 http://azure.archive.ubuntu.com/ubuntu noble-updates/main amd64 c-n-f Metadata [15.3 kB]
2025-10-05T00:44:48.9490986Z Get:15 http://azure.archive.ubuntu.com/ubuntu noble-updates/universe amd64 Packages [1486 kB]
2025-10-05T00:44:48.9665664Z Get:16 http://azure.archive.ubuntu.com/ubuntu noble-updates/universe Translation-en [300 kB]
2025-10-05T00:44:48.9687190Z Get:17 http://azure.archive.ubuntu.com/ubuntu noble-updates/universe amd64 Components [377 kB]
2025-10-05T00:44:48.9711338Z Get:18 http://azure.archive.ubuntu.com/ubuntu noble-updates/universe amd64 c-n-f Metadata [31.1 kB]
2025-10-05T00:44:48.9744060Z Get:19 http://azure.archive.ubuntu.com/ubuntu noble-updates/restricted amd64 Packages [2053 kB]
2025-10-05T00:44:48.9843007Z Get:20 http://azure.archive.ubuntu.com/ubuntu noble-updates/restricted Translation-en [463 kB]
2025-10-05T00:44:49.0294210Z Get:21 http://azure.archive.ubuntu.com/ubuntu noble-updates/restricted amd64 Components [212 B]
2025-10-05T00:44:49.0300697Z Get:22 http://azure.archive.ubuntu.com/ubuntu noble-updates/multiverse Translation-en [6116 B]
2025-10-05T00:44:49.0311790Z Get:23 http://azure.archive.ubuntu.com/ubuntu noble-updates/multiverse amd64 Components [940 B]
2025-10-05T00:44:49.0323809Z Get:24 http://azure.archive.ubuntu.com/ubuntu noble-backports/main amd64 Components [7152 B]
2025-10-05T00:44:49.0332393Z Get:25 http://azure.archive.ubuntu.com/ubuntu noble-backports/universe amd64 Components [11.0 kB]
2025-10-05T00:44:49.0341227Z Get:26 http://azure.archive.ubuntu.com/ubuntu noble-backports/restricted amd64 Components [216 B]
2025-10-05T00:44:49.0349116Z Get:27 http://azure.archive.ubuntu.com/ubuntu noble-backports/multiverse amd64 Components [212 B]
2025-10-05T00:44:49.0549739Z Get:28 http://azure.archive.ubuntu.com/ubuntu noble-security/main amd64 Packages [1201 kB]
2025-10-05T00:44:49.0648382Z Get:29 http://azure.archive.ubuntu.com/ubuntu noble-security/main Translation-en [201 kB]
2025-10-05T00:44:49.0723242Z Get:30 http://azure.archive.ubuntu.com/ubuntu noble-security/main amd64 Components [21.6 kB]
2025-10-05T00:44:49.0734929Z Get:31 http://azure.archive.ubuntu.com/ubuntu noble-security/main amd64 c-n-f Metadata [8744 B]
2025-10-05T00:44:49.0754655Z Get:32 http://azure.archive.ubuntu.com/ubuntu noble-security/universe amd64 Packages [881 kB]
2025-10-05T00:44:49.0823596Z Get:33 http://azure.archive.ubuntu.com/ubuntu noble-security/universe Translation-en [196 kB]
2025-10-05T00:44:49.0843747Z Get:34 http://azure.archive.ubuntu.com/ubuntu noble-security/universe amd64 Components [52.3 kB]
2025-10-05T00:44:49.1281881Z Get:35 http://azure.archive.ubuntu.com/ubuntu noble-security/restricted amd64 Packages [1938 kB]
2025-10-05T00:44:49.1387401Z Get:36 http://azure.archive.ubuntu.com/ubuntu noble-security/restricted Translation-en [439 kB]
2025-10-05T00:44:49.1420651Z Get:37 http://azure.archive.ubuntu.com/ubuntu noble-security/restricted amd64 Components [212 B]
2025-10-05T00:44:49.1429104Z Get:38 http://azure.archive.ubuntu.com/ubuntu noble-security/multiverse Translation-en [5844 B]
2025-10-05T00:44:49.1438098Z Get:39 http://azure.archive.ubuntu.com/ubuntu noble-security/multiverse amd64 Components [212 B]
2025-10-05T00:44:57.9710037Z Fetched 12.1 MB in 2s (8005 kB/s)
2025-10-05T00:44:58.7054422Z Reading package lists...
2025-10-05T00:44:58.7320842Z Reading package lists...
2025-10-05T00:44:58.9040180Z Building dependency tree...
2025-10-05T00:44:58.9047919Z Reading state information...
2025-10-05T00:44:58.9186504Z libasound2t64 is already the newest version (1.2.11-1ubuntu0.1).
2025-10-05T00:44:58.9187236Z libasound2t64 set to manually installed.
2025-10-05T00:44:58.9187934Z libatk-bridge2.0-0t64 is already the newest version (2.52.0-1build1).
2025-10-05T00:44:58.9188733Z libatk-bridge2.0-0t64 set to manually installed.
2025-10-05T00:44:58.9189414Z libatk1.0-0t64 is already the newest version (2.52.0-1build1).
2025-10-05T00:44:58.9190031Z libatk1.0-0t64 set to manually installed.
2025-10-05T00:44:58.9190698Z libatspi2.0-0t64 is already the newest version (2.52.0-1build1).
2025-10-05T00:44:58.9191371Z libatspi2.0-0t64 set to manually installed.
2025-10-05T00:44:58.9192007Z libcairo2 is already the newest version (1.18.0-3build1).
2025-10-05T00:44:58.9192994Z libcairo2 set to manually installed.
2025-10-05T00:44:58.9193740Z libcups2t64 is already the newest version (2.4.7-1.2ubuntu7.4).
2025-10-05T00:44:58.9194375Z libcups2t64 set to manually installed.
2025-10-05T00:44:58.9195061Z libdbus-1-3 is already the newest version (1.14.10-4ubuntu4.1).
2025-10-05T00:44:58.9195708Z libdbus-1-3 set to manually installed.
2025-10-05T00:44:58.9196381Z libdrm2 is already the newest version (2.4.122-1~ubuntu0.24.04.1).
2025-10-05T00:44:58.9196982Z libdrm2 set to manually installed.
2025-10-05T00:44:58.9197608Z libgbm1 is already the newest version (25.0.7-0ubuntu0.24.04.2).
2025-10-05T00:44:58.9198210Z libgbm1 set to manually installed.
2025-10-05T00:44:58.9198847Z libglib2.0-0t64 is already the newest version (2.80.0-6ubuntu3.4).
2025-10-05T00:44:58.9199492Z libglib2.0-0t64 set to manually installed.
2025-10-05T00:44:58.9200560Z libnspr4 is already the newest version (2:4.35-1.1build1).
2025-10-05T00:44:58.9201141Z libnspr4 set to manually installed.
2025-10-05T00:44:58.9201734Z libnss3 is already the newest version (2:3.98-1build1).
2025-10-05T00:44:58.9202300Z libnss3 set to manually installed.
2025-10-05T00:44:58.9203099Z libpango-1.0-0 is already the newest version (1.52.1+ds-1build1).
2025-10-05T00:44:58.9203736Z libpango-1.0-0 set to manually installed.
2025-10-05T00:44:58.9204348Z libx11-6 is already the newest version (2:1.8.7-1build1).
2025-10-05T00:44:58.9204914Z libx11-6 set to manually installed.
2025-10-05T00:44:58.9205492Z libxcb1 is already the newest version (1.15-1ubuntu2).
2025-10-05T00:44:58.9206044Z libxcb1 set to manually installed.
2025-10-05T00:44:58.9206697Z libxcomposite1 is already the newest version (1:0.4.5-1build3).
2025-10-05T00:44:58.9207345Z libxcomposite1 set to manually installed.
2025-10-05T00:44:58.9207995Z libxdamage1 is already the newest version (1:1.1.6-1build1).
2025-10-05T00:44:58.9208617Z libxdamage1 set to manually installed.
2025-10-05T00:44:58.9209222Z libxext6 is already the newest version (2:1.3.4-1build2).
2025-10-05T00:44:58.9210013Z libxext6 set to manually installed.
2025-10-05T00:44:58.9288570Z libxfixes3 is already the newest version (1:6.0.0-2build1).
2025-10-05T00:44:58.9289325Z libxfixes3 set to manually installed.
2025-10-05T00:44:58.9289995Z libxkbcommon0 is already the newest version (1.6.0-1build1).
2025-10-05T00:44:58.9290728Z libxkbcommon0 set to manually installed.
2025-10-05T00:44:58.9291505Z libxrandr2 is already the newest version (2:1.5.2-2build1).
2025-10-05T00:44:58.9292124Z libxrandr2 set to manually installed.
2025-10-05T00:44:58.9292986Z libcairo-gobject2 is already the newest version (1.18.0-3build1).
2025-10-05T00:44:58.9293662Z libcairo-gobject2 set to manually installed.
2025-10-05T00:44:58.9294357Z libfontconfig1 is already the newest version (2.15.0-1.1ubuntu2).
2025-10-05T00:44:58.9294959Z libfontconfig1 set to manually installed.
2025-10-05T00:44:58.9295607Z libfreetype6 is already the newest version (2.13.2+dfsg-1build3).
2025-10-05T00:44:58.9296200Z libfreetype6 set to manually installed.
2025-10-05T00:44:58.9296966Z libgdk-pixbuf-2.0-0 is already the newest version (2.42.10+dfsg-3ubuntu3.2).
2025-10-05T00:44:58.9297729Z libgdk-pixbuf-2.0-0 set to manually installed.
2025-10-05T00:44:58.9298415Z libgtk-3-0t64 is already the newest version (3.24.41-4ubuntu1.3).
2025-10-05T00:44:58.9299043Z libgtk-3-0t64 set to manually installed.
2025-10-05T00:44:58.9299759Z libpangocairo-1.0-0 is already the newest version (1.52.1+ds-1build1).
2025-10-05T00:44:58.9300429Z libpangocairo-1.0-0 set to manually installed.
2025-10-05T00:44:58.9301077Z libx11-xcb1 is already the newest version (2:1.8.7-1build1).
2025-10-05T00:44:58.9301655Z libx11-xcb1 set to manually installed.
2025-10-05T00:44:58.9302273Z libxcb-shm0 is already the newest version (1.15-1ubuntu2).
2025-10-05T00:44:58.9303001Z libxcb-shm0 set to manually installed.
2025-10-05T00:44:58.9303631Z libxcursor1 is already the newest version (1:1.2.1-1build1).
2025-10-05T00:44:58.9304260Z libxcursor1 set to manually installed.
2025-10-05T00:44:58.9304881Z libxi6 is already the newest version (2:1.8.1-1build1).
2025-10-05T00:44:58.9305449Z libxi6 set to manually installed.
2025-10-05T00:44:58.9306090Z libxrender1 is already the newest version (1:0.9.10-1.1build1).
2025-10-05T00:44:58.9306795Z libxrender1 set to manually installed.
2025-10-05T00:44:58.9307459Z libicu74 is already the newest version (74.2-1ubuntu3.1).
2025-10-05T00:44:58.9308177Z libatomic1 is already the newest version (14.2.0-4ubuntu2~24.04).
2025-10-05T00:44:58.9308791Z libatomic1 set to manually installed.
2025-10-05T00:44:58.9309427Z libenchant-2-2 is already the newest version (2.3.3-2build2).
2025-10-05T00:44:58.9310031Z libenchant-2-2 set to manually installed.
2025-10-05T00:44:58.9310651Z libepoxy0 is already the newest version (1.5.10-1build1).
2025-10-05T00:44:58.9311225Z libepoxy0 set to manually installed.
2025-10-05T00:44:58.9312229Z libgstreamer1.0-0 is already the newest version (1.24.2-1ubuntu0.1).
2025-10-05T00:44:58.9313137Z libgstreamer1.0-0 set to manually installed.
2025-10-05T00:44:58.9313626Z libharfbuzz0b is already the newest version (8.3.0-2build2).
2025-10-05T00:44:58.9314038Z libharfbuzz0b set to manually installed.
2025-10-05T00:44:58.9314453Z libjpeg-turbo8 is already the newest version (2.1.5-2ubuntu2).
2025-10-05T00:44:58.9314850Z libjpeg-turbo8 set to manually installed.
2025-10-05T00:44:58.9315246Z liblcms2-2 is already the newest version (2.14-2build1).
2025-10-05T00:44:58.9315636Z liblcms2-2 set to manually installed.
2025-10-05T00:44:59.0656391Z libpng16-16t64 is already the newest version (1.6.43-5build1).
2025-10-05T00:44:59.0657517Z libpng16-16t64 set to manually installed.
2025-10-05T00:44:59.0658777Z libwayland-client0 is already the newest version (1.22.0-2.1build1).
2025-10-05T00:44:59.0659934Z libwayland-client0 set to manually installed.
2025-10-05T00:44:59.0661203Z libwayland-egl1 is already the newest version (1.22.0-2.1build1).
2025-10-05T00:44:59.0662241Z libwayland-egl1 set to manually installed.
2025-10-05T00:44:59.0663766Z libwayland-server0 is already the newest version (1.22.0-2.1build1).
2025-10-05T00:44:59.0664897Z libwayland-server0 set to manually installed.
2025-10-05T00:44:59.0665620Z libwebp7 is already the newest version (1.3.2-0.4build3).
2025-10-05T00:44:59.0666242Z libwebp7 set to manually installed.
2025-10-05T00:44:59.0666935Z libwebpdemux2 is already the newest version (1.3.2-0.4build3).
2025-10-05T00:44:59.0667613Z libwebpdemux2 set to manually installed.
2025-10-05T00:44:59.0668217Z libxml2 is already the newest version (2.9.14+dfsg-1.3ubuntu3.5).
2025-10-05T00:44:59.0668746Z libxml2 set to manually installed.
2025-10-05T00:44:59.0669334Z libxslt1.1 is already the newest version (1.1.39-0exp1ubuntu0.24.04.2).
2025-10-05T00:44:59.0669893Z libxslt1.1 set to manually installed.
2025-10-05T00:44:59.0670643Z xvfb is already the newest version (2:21.1.12-1ubuntu1.4).
2025-10-05T00:44:59.0671655Z fonts-noto-color-emoji is already the newest version (2.047-0ubuntu0.24.04.1).
2025-10-05T00:44:59.0672377Z fonts-liberation is already the newest version (1:2.1.5-3).
2025-10-05T00:44:59.0673047Z fonts-liberation set to manually installed.
2025-10-05T00:44:59.0673599Z The following additional packages will be installed:
2025-10-05T00:44:59.0674216Z   glib-networking glib-networking-common glib-networking-services
2025-10-05T00:44:59.0674940Z   gsettings-desktop-schemas libaa1 libabsl20220623t64 libass9 libasyncns0
2025-10-05T00:44:59.0675690Z   libavc1394-0 libavcodec60 libavfilter9 libavformat60 libavtp0 libavutil58
2025-10-05T00:44:59.0676407Z   libblas3 libbluray2 libbs2b0 libcaca0 libcairo-script-interpreter2
2025-10-05T00:44:59.0677097Z   libcdparanoia0 libchromaprint1 libcjson1 libcodec2-1.2 libdav1d7
2025-10-05T00:44:59.0677808Z   libdc1394-25 libdca0 libdecor-0-0 libdirectfb-1.7-7t64 libdv4t64 libdvdnav4
2025-10-05T00:44:59.0678545Z   libdvdread8t64 libegl-mesa0 libegl1 libfaad2 libflac12t64 libfluidsynth3
2025-10-05T00:44:59.0679282Z   libfreeaptx0 libgav1-1 libgme0 libgraphene-1.0-0 libgsm1 libgssdp-1.6-0
2025-10-05T00:44:59.0679840Z   libgstreamer-plugins-good1.0-0 libgtk-4-common libgupnp-1.6-0
2025-10-05T00:44:59.0680318Z   libgupnp-igd-1.6-0 libhwy1t64 libiec61883-0 libimath-3-1-29t64
2025-10-05T00:44:59.0680798Z   libinstpatch-1.0-2 libjack-jackd2-0 libjxl0.7 liblapack3 liblc3-1
2025-10-05T00:44:59.0681324Z   libldacbt-enc2 liblilv-0-0 liblrdf0 libltc11 libmbedcrypto7t64 libmfx1
2025-10-05T00:44:59.0681814Z   libmjpegutils-2.1-0t64 libmodplug1 libmp3lame0 libmpcdec6
2025-10-05T00:44:59.0682278Z   libmpeg2encpp-2.1-0t64 libmpg123-0t64 libmplex2-2.1-0t64 libmysofa1
2025-10-05T00:44:59.0682873Z   libneon27t64 libnice10 libopenal-data libopenal1 libopenexr-3-1-30
2025-10-05T00:44:59.0683336Z   libopenh264-7 libopenmpt0t64 libopenni2-0 liborc-0.4-0t64
2025-10-05T00:44:59.0683787Z   libpipewire-0.3-0t64 libplacebo338 libpocketsphinx3 libpostproc57
2025-10-05T00:44:59.0684458Z   libproxy1v5 libpulse0 libqrencode4 libraptor2-0 librav1e0 libraw1394-11
2025-10-05T00:44:59.0684991Z   librist4 librsvg2-2 librubberband2 libsamplerate0 libsbc1 libsdl2-2.0-0
2025-10-05T00:44:59.0685524Z   libsecret-common libserd-0-0 libshine3 libshout3 libsndfile1 libsndio7.0
2025-10-05T00:44:59.0686041Z   libsord-0-0 libsoundtouch1 libsoup-3.0-0 libsoup-3.0-common libsoxr0
2025-10-05T00:44:59.0686574Z   libspa-0.2-modules libspandsp2t64 libspeex1 libsphinxbase3t64 libsratom-0-0
2025-10-05T00:44:59.0687128Z   libsrt1.5-gnutls libsrtp2-1 libssh-gcrypt-4 libsvtav1enc1d1 libswresample4
2025-10-05T00:44:59.0687676Z   libswscale7 libtag1v5 libtag1v5-vanilla libtheora0 libtwolame0 libudfread0
2025-10-05T00:44:59.0688223Z   libunibreak5 libv4l-0t64 libv4lconvert0t64 libva-drm2 libva-x11-2 libva2
2025-10-05T00:44:59.0688730Z   libvdpau1 libvidstab1.1 libvisual-0.4-0 libvo-aacenc0 libvo-amrwbenc0
2025-10-05T00:44:59.0689242Z   libvorbisenc2 libvpl2 libwavpack1 libwebrtc-audio-processing1 libwildmidi2
2025-10-05T00:44:59.0689791Z   libx265-199 libxcb-xkb1 libxkbcommon-x11-0 libxvidcore4 libyuv0 libzbar0t64
2025-10-05T00:44:59.0690320Z   libzimg2 libzix-0-0 libzvbi-common libzvbi0t64 libzxing3 ocl-icd-libopencl1
2025-10-05T00:44:59.0690942Z   session-migration timgm6mb-soundfont xfonts-encodings xfonts-utils
2025-10-05T00:44:59.0691311Z Suggested packages:
2025-10-05T00:44:59.0691673Z   frei0r-plugins gvfs libcuda1 libnvcuvid1 libnvidia-encode1 libbluray-bdj
2025-10-05T00:44:59.0692184Z   libdirectfb-extra libdv-bin oss-compat libdvdcss2 libvisual-0.4-plugins
2025-10-05T00:44:59.0692769Z   jackd2 liblrdf0-dev libportaudio2 opus-tools pipewire pulseaudio
2025-10-05T00:44:59.0693240Z   raptor2-utils libraw1394-doc librsvg2-bin serdi sndiod sordi speex
2025-10-05T00:44:59.0693663Z   libwildmidi-config opencl-icd fluid-soundfont-gm
2025-10-05T00:44:59.0693969Z Recommended packages:
2025-10-05T00:44:59.0694298Z   fonts-ipafont-mincho fonts-tlwg-loma gstreamer1.0-x libaacs0
2025-10-05T00:44:59.0694772Z   default-libdecor-0-plugin-1 | libdecor-0-plugin-1 gstreamer1.0-gl
2025-10-05T00:44:59.0695306Z   libgtk-4-bin librsvg2-common libgtk-4-media-gstreamer libpipewire-0.3-common
2025-10-05T00:44:59.0695865Z   pocketsphinx-en-us va-driver-all | va-driver vdpau-driver-all | vdpau-driver
2025-10-05T00:44:59.0696257Z   libmagickcore-6.q16-7-extra
2025-10-05T00:44:59.1777120Z The following NEW packages will be installed:
2025-10-05T00:44:59.1778589Z   fonts-freefont-ttf fonts-ipafont-gothic fonts-tlwg-loma-otf fonts-unifont
2025-10-05T00:44:59.1780030Z   fonts-wqy-zenhei glib-networking glib-networking-common
2025-10-05T00:44:59.1781184Z   glib-networking-services gsettings-desktop-schemas gstreamer1.0-libav
2025-10-05T00:44:59.1782303Z   gstreamer1.0-plugins-bad gstreamer1.0-plugins-base gstreamer1.0-plugins-good
2025-10-05T00:44:59.1783295Z   libaa1 libabsl20220623t64 libass9 libasyncns0 libavc1394-0 libavcodec60
2025-10-05T00:44:59.1784412Z   libavfilter9 libavformat60 libavif16 libavtp0 libavutil58 libblas3
2025-10-05T00:44:59.1785455Z   libbluray2 libbs2b0 libcaca0 libcairo-script-interpreter2 libcdparanoia0
2025-10-05T00:44:59.1786165Z   libchromaprint1 libcjson1 libcodec2-1.2 libdav1d7 libdc1394-25 libdca0
2025-10-05T00:44:59.1786858Z   libdecor-0-0 libdirectfb-1.7-7t64 libdv4t64 libdvdnav4 libdvdread8t64
2025-10-05T00:44:59.1787532Z   libegl-mesa0 libegl1 libevent-2.1-7t64 libfaad2 libflac12t64 libflite1
2025-10-05T00:44:59.1788664Z   libfluidsynth3 libfreeaptx0 libgav1-1 libgles2 libgme0 libgraphene-1.0-0
2025-10-05T00:44:59.1789592Z   libgsm1 libgssdp-1.6-0 libgstreamer-gl1.0-0 libgstreamer-plugins-bad1.0-0
2025-10-05T00:44:59.1790328Z   libgstreamer-plugins-base1.0-0 libgstreamer-plugins-good1.0-0 libgtk-4-1
2025-10-05T00:44:59.1791005Z   libgtk-4-common libgupnp-1.6-0 libgupnp-igd-1.6-0 libharfbuzz-icu0
2025-10-05T00:44:59.1791530Z   libhwy1t64 libhyphen0 libiec61883-0 libimath-3-1-29t64 libinstpatch-1.0-2
2025-10-05T00:44:59.1792087Z   libjack-jackd2-0 libjxl0.7 liblapack3 liblc3-1 libldacbt-enc2 liblilv-0-0
2025-10-05T00:44:59.1793138Z   liblrdf0 libltc11 libmanette-0.2-0 libmbedcrypto7t64 libmfx1
2025-10-05T00:44:59.1793611Z   libmjpegutils-2.1-0t64 libmodplug1 libmp3lame0 libmpcdec6
2025-10-05T00:44:59.1794107Z   libmpeg2encpp-2.1-0t64 libmpg123-0t64 libmplex2-2.1-0t64 libmysofa1
2025-10-05T00:44:59.1794619Z   libneon27t64 libnice10 libopenal-data libopenal1 libopenexr-3-1-30
2025-10-05T00:44:59.1795126Z   libopenh264-7 libopenmpt0t64 libopenni2-0 libopus0 liborc-0.4-0t64
2025-10-05T00:44:59.1795638Z   libpipewire-0.3-0t64 libplacebo338 libpocketsphinx3 libpostproc57
2025-10-05T00:44:59.1796157Z   libproxy1v5 libpulse0 libqrencode4 libraptor2-0 librav1e0 libraw1394-11
2025-10-05T00:44:59.1796701Z   librist4 librsvg2-2 librubberband2 libsamplerate0 libsbc1 libsdl2-2.0-0
2025-10-05T00:44:59.1797249Z   libsecret-1-0 libsecret-common libserd-0-0 libshine3 libshout3 libsndfile1
2025-10-05T00:44:59.1797780Z   libsndio7.0 libsord-0-0 libsoundtouch1 libsoup-3.0-0 libsoup-3.0-common
2025-10-05T00:44:59.1798308Z   libsoxr0 libspa-0.2-modules libspandsp2t64 libspeex1 libsphinxbase3t64
2025-10-05T00:44:59.1798839Z   libsratom-0-0 libsrt1.5-gnutls libsrtp2-1 libssh-gcrypt-4 libsvtav1enc1d1
2025-10-05T00:44:59.1799515Z   libswresample4 libswscale7 libtag1v5 libtag1v5-vanilla libtheora0
2025-10-05T00:44:59.1800017Z   libtwolame0 libudfread0 libunibreak5 libv4l-0t64 libv4lconvert0t64
2025-10-05T00:44:59.1800512Z   libva-drm2 libva-x11-2 libva2 libvdpau1 libvidstab1.1 libvisual-0.4-0
2025-10-05T00:44:59.1800963Z   libvo-aacenc0 libvo-amrwbenc0 libvorbisenc2 libvpl2 libvpx9 libwavpack1
2025-10-05T00:44:59.1801451Z   libwebrtc-audio-processing1 libwildmidi2 libwoff1 libx264-164 libx265-199
2025-10-05T00:44:59.1801954Z   libxcb-xkb1 libxkbcommon-x11-0 libxvidcore4 libyuv0 libzbar0t64 libzimg2
2025-10-05T00:44:59.1802421Z   libzix-0-0 libzvbi-common libzvbi0t64 libzxing3 ocl-icd-libopencl1
2025-10-05T00:44:59.1802995Z   session-migration timgm6mb-soundfont xfonts-cyrillic xfonts-encodings
2025-10-05T00:44:59.1803372Z   xfonts-scalable xfonts-utils
2025-10-05T00:44:59.2016823Z 0 upgraded, 179 newly installed, 0 to remove and 21 not upgraded.
2025-10-05T00:44:59.2017439Z Need to get 114 MB of archives.
2025-10-05T00:44:59.2017855Z After this operation, 363 MB of additional disk space will be used.
2025-10-05T00:44:59.2018312Z Get:1 file:/etc/apt/apt-mirrors.txt Mirrorlist [144 B]
2025-10-05T00:44:59.2954711Z Get:2 http://azure.archive.ubuntu.com/ubuntu noble/universe amd64 fonts-ipafont-gothic all 00303-21ubuntu1 [3513 kB]
2025-10-05T00:44:59.8540251Z Get:3 http://azure.archive.ubuntu.com/ubuntu noble/main amd64 fonts-freefont-ttf all 20211204+svn4273-2 [5641 kB]
2025-10-05T00:45:00.4219300Z Get:4 http://azure.archive.ubuntu.com/ubuntu noble/universe amd64 fonts-tlwg-loma-otf all 1:0.7.3-1 [107 kB]
2025-10-05T00:45:00.5023982Z Get:5 http://azure.archive.ubuntu.com/ubuntu noble/universe amd64 fonts-unifont all 1:15.1.01-1build1 [2993 kB]
2025-10-05T00:45:00.9027609Z Get:6 http://azure.archive.ubuntu.com/ubuntu noble/universe amd64 fonts-wqy-zenhei all 0.9.45-8 [7472 kB]
2025-10-05T00:45:01.6063038Z Get:7 http://azure.archive.ubuntu.com/ubuntu noble/main amd64 libproxy1v5 amd64 0.5.4-4build1 [26.5 kB]
2025-10-05T00:45:01.6864203Z Get:8 http://azure.archive.ubuntu.com/ubuntu noble/main amd64 glib-networking-common all 2.80.0-1build1 [6702 B]
2025-10-05T00:45:01.7675142Z Get:9 http://azure.archive.ubuntu.com/ubuntu noble/main amd64 glib-networking-services amd64 2.80.0-1build1 [12.8 kB]
2025-10-05T00:45:01.8471566Z Get:10 http://azure.archive.ubuntu.com/ubuntu noble/main amd64 session-migration amd64 0.3.9build1 [9034 B]
2025-10-05T00:45:01.9274466Z Get:11 http://azure.archive.ubuntu.com/ubuntu noble-updates/main amd64 gsettings-desktop-schemas all 46.1-0ubuntu1 [35.6 kB]
2025-10-05T00:45:02.0074210Z Get:12 http://azure.archive.ubuntu.com/ubuntu noble/main amd64 glib-networking amd64 2.80.0-1build1 [64.1 kB]
2025-10-05T00:45:02.0876724Z Get:13 http://azure.archive.ubuntu.com/ubuntu noble/universe amd64 libva2 amd64 2.20.0-2build1 [66.2 kB]
2025-10-05T00:45:02.1686139Z Get:14 http://azure.archive.ubuntu.com/ubuntu noble/universe amd64 libva-drm2 amd64 2.20.0-2build1 [7124 B]
2025-10-05T00:45:02.2480383Z Get:15 http://azure.archive.ubuntu.com/ubuntu noble/universe amd64 libva-x11-2 amd64 2.20.0-2build1 [12.0 kB]
2025-10-05T00:45:02.3270875Z Get:16 http://azure.archive.ubuntu.com/ubuntu noble/main amd64 libvdpau1 amd64 1.5-2build1 [27.8 kB]
2025-10-05T00:45:02.4066893Z Get:17 http://azure.archive.ubuntu.com/ubuntu noble/universe amd64 libvpl2 amd64 2023.3.0-1build1 [99.8 kB]
2025-10-05T00:45:02.6366293Z Get:18 http://azure.archive.ubuntu.com/ubuntu noble/universe amd64 ocl-icd-libopencl1 amd64 2.3.2-1build1 [38.5 kB]
2025-10-05T00:45:02.7179236Z Get:19 http://azure.archive.ubuntu.com/ubuntu noble/universe amd64 libavutil58 amd64 7:6.1.1-3ubuntu5 [401 kB]
2025-10-05T00:45:02.8787350Z Get:20 http://azure.archive.ubuntu.com/ubuntu noble/universe amd64 libcodec2-1.2 amd64 1.2.0-2build1 [8998 kB]
2025-10-05T00:45:03.5551323Z Get:21 http://azure.archive.ubuntu.com/ubuntu noble/universe amd64 libdav1d7 amd64 1.4.1-1build1 [604 kB]
2025-10-05T00:45:03.7239154Z Get:22 http://azure.archive.ubuntu.com/ubuntu noble/universe amd64 libgsm1 amd64 1.0.22-1build1 [27.8 kB]
2025-10-05T00:45:03.8047450Z Get:23 http://azure.archive.ubuntu.com/ubuntu noble/universe amd64 libhwy1t64 amd64 1.0.7-8.1build1 [584 kB]
2025-10-05T00:45:03.9653724Z Get:24 http://azure.archive.ubuntu.com/ubuntu noble-updates/universe amd64 libjxl0.7 amd64 0.7.0-10.2ubuntu6.1 [1001 kB]
2025-10-05T00:45:04.1326907Z Get:25 http://azure.archive.ubuntu.com/ubuntu noble/main amd64 libmp3lame0 amd64 3.100-6build1 [142 kB]
2025-10-05T00:45:04.2207770Z Get:26 http://azure.archive.ubuntu.com/ubuntu noble/main amd64 libopus0 amd64 1.4-1build1 [208 kB]
2025-10-05T00:45:04.3027047Z Get:27 http://azure.archive.ubuntu.com/ubuntu noble/universe amd64 librav1e0 amd64 0.7.1-2 [1022 kB]
2025-10-05T00:45:04.4763260Z Get:28 http://azure.archive.ubuntu.com/ubuntu noble/main amd64 librsvg2-2 amd64 2.58.0+dfsg-1build1 [2135 kB]
2025-10-05T00:45:04.7336872Z Get:29 http://azure.archive.ubuntu.com/ubuntu noble/universe amd64 libshine3 amd64 3.1.1-2build1 [23.2 kB]
2025-10-05T00:45:04.8146658Z Get:30 http://azure.archive.ubuntu.com/ubuntu noble-updates/main amd64 libspeex1 amd64 1.2.1-2ubuntu2.24.04.1 [59.6 kB]
2025-10-05T00:45:04.8956859Z Get:31 http://azure.archive.ubuntu.com/ubuntu noble/universe amd64 libsvtav1enc1d1 amd64 1.7.0+dfsg-2build1 [2425 kB]
2025-10-05T00:45:05.2150855Z Get:32 http://azure.archive.ubuntu.com/ubuntu noble/universe amd64 libsoxr0 amd64 0.1.3-4build3 [80.0 kB]
2025-10-05T00:45:05.2969984Z Get:33 http://azure.archive.ubuntu.com/ubuntu noble/universe amd64 libswresample4 amd64 7:6.1.1-3ubuntu5 [63.8 kB]
2025-10-05T00:45:05.3781148Z Get:34 http://azure.archive.ubuntu.com/ubuntu noble/main amd64 libtheora0 amd64 1.1.1+dfsg.1-16.1build3 [211 kB]
2025-10-05T00:45:05.4605419Z Get:35 http://azure.archive.ubuntu.com/ubuntu noble/main amd64 libtwolame0 amd64 0.4.0-2build3 [52.3 kB]
2025-10-05T00:45:05.5419423Z Get:36 http://azure.archive.ubuntu.com/ubuntu noble/main amd64 libvorbisenc2 amd64 1.3.7-1build3 [80.8 kB]
2025-10-05T00:45:05.6242113Z Get:37 http://azure.archive.ubuntu.com/ubuntu noble-updates/main amd64 libvpx9 amd64 1.14.0-1ubuntu2.2 [1143 kB]
2025-10-05T00:45:05.8018572Z Get:38 http://azure.archive.ubuntu.com/ubuntu noble/universe amd64 libx264-164 amd64 2:0.164.3108+git31e19f9-1 [604 kB]
2025-10-05T00:45:05.9646132Z Get:39 http://azure.archive.ubuntu.com/ubuntu noble/universe amd64 libx265-199 amd64 3.5-2build1 [1226 kB]
2025-10-05T00:45:06.2039960Z Get:40 http://azure.archive.ubuntu.com/ubuntu noble/universe amd64 libxvidcore4 amd64 2:1.3.7-1build1 [219 kB]
2025-10-05T00:45:06.2884464Z Get:41 http://azure.archive.ubuntu.com/ubuntu noble/universe amd64 libzvbi-common all 0.2.42-2 [42.4 kB]
2025-10-05T00:45:06.3693441Z Get:42 http://azure.archive.ubuntu.com/ubuntu noble/universe amd64 libzvbi0t64 amd64 0.2.42-2 [261 kB]
2025-10-05T00:45:06.4540365Z Get:43 http://azure.archive.ubuntu.com/ubuntu noble/universe amd64 libavcodec60 amd64 7:6.1.1-3ubuntu5 [5851 kB]
2025-10-05T00:45:06.9272829Z Get:44 http://azure.archive.ubuntu.com/ubuntu noble/universe amd64 libunibreak5 amd64 5.1-2build1 [25.0 kB]
2025-10-05T00:45:07.0064966Z Get:45 http://azure.archive.ubuntu.com/ubuntu noble/universe amd64 libass9 amd64 1:0.17.1-2build1 [104 kB]
2025-10-05T00:45:07.0896669Z Get:46 http://azure.archive.ubuntu.com/ubuntu noble/universe amd64 libudfread0 amd64 1.1.2-1build1 [19.0 kB]
2025-10-05T00:45:07.1691163Z Get:47 http://azure.archive.ubuntu.com/ubuntu noble/universe amd64 libbluray2 amd64 1:1.3.4-1build1 [159 kB]
2025-10-05T00:45:07.2506247Z Get:48 http://azure.archive.ubuntu.com/ubuntu noble/universe amd64 libchromaprint1 amd64 1.5.1-5 [30.5 kB]
2025-10-05T00:45:07.3307240Z Get:49 http://azure.archive.ubuntu.com/ubuntu noble/universe amd64 libgme0 amd64 0.6.3-7build1 [134 kB]
2025-10-05T00:45:07.4144385Z Get:50 http://azure.archive.ubuntu.com/ubuntu noble-updates/main amd64 libmpg123-0t64 amd64 1.32.5-1ubuntu1.1 [169 kB]
2025-10-05T00:45:07.4962166Z Get:51 http://azure.archive.ubuntu.com/ubuntu noble/universe amd64 libopenmpt0t64 amd64 0.7.3-1.1build3 [647 kB]
2025-10-05T00:45:07.6567515Z Get:52 http://azure.archive.ubuntu.com/ubuntu noble/universe amd64 libcjson1 amd64 1.7.17-1 [24.8 kB]
2025-10-05T00:45:07.7364916Z Get:53 http://azure.archive.ubuntu.com/ubuntu noble/universe amd64 libmbedcrypto7t64 amd64 2.28.8-1 [209 kB]
2025-10-05T00:45:07.8177907Z Get:54 http://azure.archive.ubuntu.com/ubuntu noble/universe amd64 librist4 amd64 0.2.10+dfsg-2 [74.9 kB]
2025-10-05T00:45:07.8977209Z Get:55 http://azure.archive.ubuntu.com/ubuntu noble/universe amd64 libsrt1.5-gnutls amd64 1.5.3-1build2 [316 kB]
2025-10-05T00:45:07.9817048Z Get:56 http://azure.archive.ubuntu.com/ubuntu noble-updates/main amd64 libssh-gcrypt-4 amd64 0.10.6-2ubuntu0.1 [224 kB]
2025-10-05T00:45:08.0636181Z Get:57 http://azure.archive.ubuntu.com/ubuntu noble/universe amd64 libavformat60 amd64 7:6.1.1-3ubuntu5 [1153 kB]
2025-10-05T00:45:08.4954324Z Get:58 http://azure.archive.ubuntu.com/ubuntu noble/universe amd64 libbs2b0 amd64 3.1.0+dfsg-7build1 [10.6 kB]
2025-10-05T00:45:08.5755573Z Get:59 http://azure.archive.ubuntu.com/ubuntu noble/universe amd64 libflite1 amd64 2.2-6build3 [13.6 MB]
2025-10-05T00:45:09.3606711Z Get:60 http://azure.archive.ubuntu.com/ubuntu noble/universe amd64 libserd-0-0 amd64 0.32.2-1 [43.6 kB]
2025-10-05T00:45:09.4399025Z Get:61 http://azure.archive.ubuntu.com/ubuntu noble/universe amd64 libzix-0-0 amd64 0.4.2-2build1 [23.6 kB]
2025-10-05T00:45:09.5192551Z Get:62 http://azure.archive.ubuntu.com/ubuntu noble/universe amd64 libsord-0-0 amd64 0.16.16-2build1 [15.8 kB]
2025-10-05T00:45:09.5988368Z Get:63 http://azure.archive.ubuntu.com/ubuntu noble/universe amd64 libsratom-0-0 amd64 0.6.16-1build1 [17.3 kB]
2025-10-05T00:45:09.6781039Z Get:64 http://azure.archive.ubuntu.com/ubuntu noble/universe amd64 liblilv-0-0 amd64 0.24.22-1build1 [41.0 kB]
2025-10-05T00:45:09.7582924Z Get:65 http://azure.archive.ubuntu.com/ubuntu noble/universe amd64 libmysofa1 amd64 1.3.2+dfsg-2ubuntu2 [1158 kB]
2025-10-05T00:45:09.9943180Z Get:66 http://azure.archive.ubuntu.com/ubuntu noble/universe amd64 libplacebo338 amd64 6.338.2-2build1 [2654 kB]
2025-10-05T00:45:10.3204101Z Get:67 http://azure.archive.ubuntu.com/ubuntu noble-updates/main amd64 libblas3 amd64 3.12.0-3build1.1 [238 kB]
2025-10-05T00:45:10.4014955Z Get:68 http://azure.archive.ubuntu.com/ubuntu noble-updates/main amd64 liblapack3 amd64 3.12.0-3build1.1 [2646 kB]
2025-10-05T00:45:10.7237144Z Get:69 http://azure.archive.ubuntu.com/ubuntu noble/main amd64 libasyncns0 amd64 0.8-6build4 [11.3 kB]
2025-10-05T00:45:10.8028491Z Get:70 http://azure.archive.ubuntu.com/ubuntu noble/main amd64 libflac12t64 amd64 1.4.3+ds-2.1ubuntu2 [197 kB]
2025-10-05T00:45:10.9007881Z Get:71 http://azure.archive.ubuntu.com/ubuntu noble-updates/main amd64 libsndfile1 amd64 1.2.2-1ubuntu5.24.04.1 [209 kB]
2025-10-05T00:45:10.9845498Z Get:72 http://azure.archive.ubuntu.com/ubuntu noble-updates/main amd64 libpulse0 amd64 1:16.1+dfsg1-2ubuntu10.1 [292 kB]
2025-10-05T00:45:11.0835557Z Get:73 http://azure.archive.ubuntu.com/ubuntu noble/universe amd64 libsphinxbase3t64 amd64 0.8+5prealpha+1-17build2 [126 kB]
2025-10-05T00:45:11.1657780Z Get:74 http://azure.archive.ubuntu.com/ubuntu noble/universe amd64 libpocketsphinx3 amd64 0.8.0+real5prealpha+1-15ubuntu5 [133 kB]
2025-10-05T00:45:11.2463786Z Get:75 http://azure.archive.ubuntu.com/ubuntu noble/universe amd64 libpostproc57 amd64 7:6.1.1-3ubuntu5 [49.9 kB]
2025-10-05T00:45:11.3275830Z Get:76 http://azure.archive.ubuntu.com/ubuntu noble/main amd64 libsamplerate0 amd64 0.2.2-4build1 [1344 kB]
2025-10-05T00:45:11.5677778Z Get:77 http://azure.archive.ubuntu.com/ubuntu noble/universe amd64 librubberband2 amd64 3.3.0+dfsg-2build1 [130 kB]
2025-10-05T00:45:11.6480668Z Get:78 http://azure.archive.ubuntu.com/ubuntu noble/universe amd64 libswscale7 amd64 7:6.1.1-3ubuntu5 [193 kB]
2025-10-05T00:45:11.7322042Z Get:79 http://azure.archive.ubuntu.com/ubuntu noble/universe amd64 libvidstab1.1 amd64 1.1.0-2build1 [38.5 kB]
2025-10-05T00:45:11.8118891Z Get:80 http://azure.archive.ubuntu.com/ubuntu noble/universe amd64 libzimg2 amd64 3.0.5+ds1-1build1 [254 kB]
2025-10-05T00:45:11.8938539Z Get:81 http://azure.archive.ubuntu.com/ubuntu noble/universe amd64 libavfilter9 amd64 7:6.1.1-3ubuntu5 [4235 kB]
2025-10-05T00:45:12.3065634Z Get:82 http://azure.archive.ubuntu.com/ubuntu noble-updates/main amd64 liborc-0.4-0t64 amd64 1:0.4.38-1ubuntu0.1 [207 kB]
2025-10-05T00:45:12.3926423Z Get:83 http://azure.archive.ubuntu.com/ubuntu noble-updates/main amd64 libgstreamer-plugins-base1.0-0 amd64 1.24.2-1ubuntu0.3 [862 kB]
2025-10-05T00:45:12.5626698Z Get:84 http://azure.archive.ubuntu.com/ubuntu noble/universe amd64 gstreamer1.0-libav amd64 1.24.1-1build1 [103 kB]
2025-10-05T00:45:12.6459236Z Get:85 http://azure.archive.ubuntu.com/ubuntu noble/main amd64 libcdparanoia0 amd64 3.10.2+debian-14build3 [48.5 kB]
2025-10-05T00:45:12.7262051Z Get:86 http://azure.archive.ubuntu.com/ubuntu noble/main amd64 libvisual-0.4-0 amd64 0.4.2-2build1 [115 kB]
2025-10-05T00:45:12.8086620Z Get:87 http://azure.archive.ubuntu.com/ubuntu noble-updates/main amd64 gstreamer1.0-plugins-base amd64 1.24.2-1ubuntu0.3 [721 kB]
2025-10-05T00:45:12.9716122Z Get:88 http://azure.archive.ubuntu.com/ubuntu noble/main amd64 libaa1 amd64 1.4p5-51.1 [49.9 kB]
2025-10-05T00:45:13.0519209Z Get:89 http://azure.archive.ubuntu.com/ubuntu noble/main amd64 libraw1394-11 amd64 2.1.2-2build3 [26.2 kB]
2025-10-05T00:45:13.1324597Z Get:90 http://azure.archive.ubuntu.com/ubuntu noble/main amd64 libavc1394-0 amd64 0.5.4-5build3 [15.4 kB]
2025-10-05T00:45:13.2125929Z Get:91 http://azure.archive.ubuntu.com/ubuntu noble/main amd64 libcaca0 amd64 0.99.beta20-4build2 [208 kB]
2025-10-05T00:45:14.2390396Z Get:92 http://azure.archive.ubuntu.com/ubuntu noble/main amd64 libdv4t64 amd64 1.0.0-17.1build1 [63.2 kB]
2025-10-05T00:45:14.4296314Z Get:93 http://azure.archive.ubuntu.com/ubuntu noble-updates/main amd64 libgstreamer-plugins-good1.0-0 amd64 1.24.2-1ubuntu1.2 [33.0 kB]
2025-10-05T00:45:14.5406120Z Get:94 http://azure.archive.ubuntu.com/ubuntu noble/main amd64 libiec61883-0 amd64 1.2.0-6build1 [24.5 kB]
2025-10-05T00:45:14.6217472Z Get:95 http://azure.archive.ubuntu.com/ubuntu noble/main amd64 libshout3 amd64 2.4.6-1build2 [50.3 kB]
2025-10-05T00:45:14.8432075Z Get:96 http://azure.archive.ubuntu.com/ubuntu noble/main amd64 libtag1v5-vanilla amd64 1.13.1-1build1 [326 kB]
2025-10-05T00:45:14.9254544Z Get:97 http://azure.archive.ubuntu.com/ubuntu noble/main amd64 libtag1v5 amd64 1.13.1-1build1 [11.7 kB]
2025-10-05T00:45:15.0062902Z Get:98 http://azure.archive.ubuntu.com/ubuntu noble/main amd64 libv4lconvert0t64 amd64 1.26.1-4build3 [87.6 kB]
2025-10-05T00:45:15.0879608Z Get:99 http://azure.archive.ubuntu.com/ubuntu noble/main amd64 libv4l-0t64 amd64 1.26.1-4build3 [46.9 kB]
2025-10-05T00:45:15.1684653Z Get:100 http://azure.archive.ubuntu.com/ubuntu noble/main amd64 libwavpack1 amd64 5.6.0-1build1 [84.6 kB]
2025-10-05T00:45:15.2503580Z Get:101 http://azure.archive.ubuntu.com/ubuntu noble-updates/main amd64 libsoup-3.0-common all 3.4.4-5ubuntu0.5 [11.3 kB]
2025-10-05T00:45:15.3329798Z Get:102 http://azure.archive.ubuntu.com/ubuntu noble-updates/main amd64 libsoup-3.0-0 amd64 3.4.4-5ubuntu0.5 [291 kB]
2025-10-05T00:45:15.4225861Z Get:103 http://azure.archive.ubuntu.com/ubuntu noble-updates/main amd64 gstreamer1.0-plugins-good amd64 1.24.2-1ubuntu1.2 [2238 kB]
2025-10-05T00:45:15.7558334Z Get:104 http://azure.archive.ubuntu.com/ubuntu noble-updates/main amd64 libabsl20220623t64 amd64 20220623.1-3.1ubuntu3.2 [423 kB]
2025-10-05T00:45:15.9258874Z Get:105 http://azure.archive.ubuntu.com/ubuntu noble/universe amd64 libgav1-1 amd64 0.18.0-1build3 [357 kB]
2025-10-05T00:45:16.1652021Z Get:106 http://azure.archive.ubuntu.com/ubuntu noble/universe amd64 libyuv0 amd64 0.0~git202401110.af6ac82-1 [178 kB]
2025-10-05T00:45:16.5555148Z Get:107 http://azure.archive.ubuntu.com/ubuntu noble/universe amd64 libavif16 amd64 1.0.4-1ubuntu3 [91.2 kB]
2025-10-05T00:45:16.6646012Z Get:108 http://azure.archive.ubuntu.com/ubuntu noble/universe amd64 libavtp0 amd64 0.2.0-1build1 [6414 B]
2025-10-05T00:45:16.7460172Z Get:109 http://azure.archive.ubuntu.com/ubuntu noble/main amd64 libcairo-script-interpreter2 amd64 1.18.0-3build1 [60.3 kB]
2025-10-05T00:45:16.8462400Z Get:110 http://azure.archive.ubuntu.com/ubuntu noble/universe amd64 libdc1394-25 amd64 2.2.6-4build1 [90.1 kB]
2025-10-05T00:45:16.9560295Z Get:111 http://azure.archive.ubuntu.com/ubuntu noble/main amd64 libdecor-0-0 amd64 0.2.2-1build2 [16.5 kB]
2025-10-05T00:45:17.0402928Z Get:112 http://azure.archive.ubuntu.com/ubuntu noble/main amd64 libgles2 amd64 1.7.0-1build1 [17.1 kB]
2025-10-05T00:45:17.1247928Z Get:113 http://azure.archive.ubuntu.com/ubuntu noble/universe amd64 libdirectfb-1.7-7t64 amd64 1.7.7-11.1ubuntu2 [1035 kB]
2025-10-05T00:45:17.4689207Z Get:114 http://azure.archive.ubuntu.com/ubuntu noble/universe amd64 libdvdread8t64 amd64 6.1.3-1.1build1 [54.7 kB]
2025-10-05T00:45:17.5506769Z Get:115 http://azure.archive.ubuntu.com/ubuntu noble/universe amd64 libdvdnav4 amd64 6.1.1-3build1 [39.5 kB]
2025-10-05T00:45:17.6323763Z Get:116 http://azure.archive.ubuntu.com/ubuntu noble-updates/main amd64 libegl-mesa0 amd64 25.0.7-0ubuntu0.24.04.2 [124 kB]
2025-10-05T00:45:17.7205772Z Get:117 http://azure.archive.ubuntu.com/ubuntu noble/main amd64 libevent-2.1-7t64 amd64 2.1.12-stable-9ubuntu2 [145 kB]
2025-10-05T00:45:17.8084525Z Get:118 http://azure.archive.ubuntu.com/ubuntu noble/universe amd64 libfaad2 amd64 2.11.1-1build1 [207 kB]
2025-10-05T00:45:17.9674044Z Get:119 http://azure.archive.ubuntu.com/ubuntu noble/universe amd64 libinstpatch-1.0-2 amd64 1.1.6-1build2 [251 kB]
2025-10-05T00:45:18.1283030Z Get:120 http://azure.archive.ubuntu.com/ubuntu noble/main amd64 libjack-jackd2-0 amd64 1.9.21~dfsg-3ubuntu3 [289 kB]
2025-10-05T00:45:18.2914597Z Get:121 http://azure.archive.ubuntu.com/ubuntu noble/main amd64 libwebrtc-audio-processing1 amd64 0.3.1-0ubuntu6 [290 kB]
2025-10-05T00:45:18.4647591Z Get:122 http://azure.archive.ubuntu.com/ubuntu noble-updates/main amd64 libspa-0.2-modules amd64 1.0.5-1ubuntu3.1 [626 kB]
2025-10-05T00:45:18.7067689Z Get:123 http://azure.archive.ubuntu.com/ubuntu noble-updates/main amd64 libpipewire-0.3-0t64 amd64 1.0.5-1ubuntu3.1 [252 kB]
2025-10-05T00:45:18.8669655Z Get:124 http://azure.archive.ubuntu.com/ubuntu noble-updates/main amd64 libsdl2-2.0-0 amd64 2.30.0+dfsg-1ubuntu3.1 [686 kB]
2025-10-05T00:45:19.1111572Z Get:125 http://azure.archive.ubuntu.com/ubuntu noble/universe amd64 timgm6mb-soundfont all 1.3-5 [5427 kB]
2025-10-05T00:45:19.7668767Z Get:126 http://azure.archive.ubuntu.com/ubuntu noble/universe amd64 libfluidsynth3 amd64 2.3.4-1build3 [249 kB]
2025-10-05T00:45:19.8525042Z Get:127 http://azure.archive.ubuntu.com/ubuntu noble/main amd64 libfreeaptx0 amd64 0.1.1-2build1 [13.5 kB]
2025-10-05T00:45:19.9329064Z Get:128 http://azure.archive.ubuntu.com/ubuntu noble/main amd64 libgraphene-1.0-0 amd64 1.10.8-3build2 [46.2 kB]
2025-10-05T00:45:20.0149044Z Get:129 http://azure.archive.ubuntu.com/ubuntu noble/main amd64 libgssdp-1.6-0 amd64 1.6.3-1build3 [40.4 kB]
2025-10-05T00:45:20.0963573Z Get:130 http://azure.archive.ubuntu.com/ubuntu noble/main amd64 libegl1 amd64 1.7.0-1build1 [28.7 kB]
2025-10-05T00:45:20.1791403Z Get:131 http://azure.archive.ubuntu.com/ubuntu noble-updates/main amd64 libgstreamer-gl1.0-0 amd64 1.24.2-1ubuntu0.3 [214 kB]
2025-10-05T00:45:20.2676020Z Get:132 http://azure.archive.ubuntu.com/ubuntu noble-updates/main amd64 libgtk-4-common all 4.14.5+ds-0ubuntu0.5 [1497 kB]
2025-10-05T00:45:20.5201344Z Get:133 http://azure.archive.ubuntu.com/ubuntu noble-updates/main amd64 libgtk-4-1 amd64 4.14.5+ds-0ubuntu0.5 [3293 kB]
2025-10-05T00:45:20.8471985Z Get:134 http://azure.archive.ubuntu.com/ubuntu noble/main amd64 libgupnp-1.6-0 amd64 1.6.6-1build3 [92.7 kB]
2025-10-05T00:45:20.9304951Z Get:135 http://azure.archive.ubuntu.com/ubuntu noble/universe amd64 libgupnp-igd-1.6-0 amd64 1.6.0-3build3 [16.5 kB]
2025-10-05T00:45:21.0114607Z Get:136 http://azure.archive.ubuntu.com/ubuntu noble/main amd64 libharfbuzz-icu0 amd64 8.3.0-2build2 [13.3 kB]
2025-10-05T00:45:21.0935588Z Get:137 http://azure.archive.ubuntu.com/ubuntu noble/main amd64 libhyphen0 amd64 2.8.8-7build3 [26.5 kB]
2025-10-05T00:45:21.1788571Z Get:138 http://azure.archive.ubuntu.com/ubuntu noble/universe amd64 libimath-3-1-29t64 amd64 3.1.9-3.1ubuntu2 [72.2 kB]
2025-10-05T00:45:21.2599927Z Get:139 http://azure.archive.ubuntu.com/ubuntu noble/main amd64 liblc3-1 amd64 1.0.4-3build1 [69.7 kB]
2025-10-05T00:45:21.3406025Z Get:140 http://azure.archive.ubuntu.com/ubuntu noble/main amd64 libldacbt-enc2 amd64 2.0.2.3+git20200429+ed310a0-4ubuntu2 [27.1 kB]
2025-10-05T00:45:21.4219917Z Get:141 http://azure.archive.ubuntu.com/ubuntu noble-updates/main amd64 libraptor2-0 amd64 2.0.16-3ubuntu0.1 [165 kB]
2025-10-05T00:45:21.5058920Z Get:142 http://azure.archive.ubuntu.com/ubuntu noble/universe amd64 liblrdf0 amd64 0.6.1-4build1 [18.5 kB]
2025-10-05T00:45:21.5892367Z Get:143 http://azure.archive.ubuntu.com/ubuntu noble/universe amd64 libltc11 amd64 1.3.2-1build1 [13.0 kB]
2025-10-05T00:45:21.6703304Z Get:144 http://azure.archive.ubuntu.com/ubuntu noble/main amd64 libmanette-0.2-0 amd64 0.2.7-1build2 [30.6 kB]
2025-10-05T00:45:21.7511307Z Get:145 http://azure.archive.ubuntu.com/ubuntu noble/universe amd64 libmfx1 amd64 22.5.4-1 [3124 kB]
2025-10-05T00:45:22.0897904Z Get:146 http://azure.archive.ubuntu.com/ubuntu noble/universe amd64 libmjpegutils-2.1-0t64 amd64 1:2.1.0+debian-8.1build1 [25.5 kB]
2025-10-05T00:45:22.1707009Z Get:147 http://azure.archive.ubuntu.com/ubuntu noble/universe amd64 libmodplug1 amd64 1:0.8.9.0-3build1 [166 kB]
2025-10-05T00:45:22.2526162Z Get:148 http://azure.archive.ubuntu.com/ubuntu noble/universe amd64 libmpcdec6 amd64 2:0.1~r495-2build1 [32.7 kB]
2025-10-05T00:45:22.3334262Z Get:149 http://azure.archive.ubuntu.com/ubuntu noble/universe amd64 libmpeg2encpp-2.1-0t64 amd64 1:2.1.0+debian-8.1build1 [75.6 kB]
2025-10-05T00:45:22.4149536Z Get:150 http://azure.archive.ubuntu.com/ubuntu noble/universe amd64 libmplex2-2.1-0t64 amd64 1:2.1.0+debian-8.1build1 [46.1 kB]
2025-10-05T00:45:22.5002829Z Get:151 http://azure.archive.ubuntu.com/ubuntu noble/universe amd64 libneon27t64 amd64 0.33.0-1.1build3 [102 kB]
2025-10-05T00:45:22.5814924Z Get:152 http://azure.archive.ubuntu.com/ubuntu noble/universe amd64 libnice10 amd64 0.1.21-2build3 [157 kB]
2025-10-05T00:45:22.6630638Z Get:153 http://azure.archive.ubuntu.com/ubuntu noble/universe amd64 libopenal-data all 1:1.23.1-4build1 [161 kB]
2025-10-05T00:45:22.7463025Z Get:154 http://azure.archive.ubuntu.com/ubuntu noble/universe amd64 libopenexr-3-1-30 amd64 3.1.5-5.1build3 [1004 kB]
2025-10-05T00:45:22.9207341Z Get:155 http://azure.archive.ubuntu.com/ubuntu noble/universe amd64 libopenh264-7 amd64 2.4.1+dfsg-1 [409 kB]
2025-10-05T00:45:23.0887421Z Get:156 http://azure.archive.ubuntu.com/ubuntu noble/universe amd64 libopenni2-0 amd64 2.2.0.33+dfsg-18 [370 kB]
2025-10-05T00:45:23.2386376Z Get:157 http://azure.archive.ubuntu.com/ubuntu noble/universe amd64 libqrencode4 amd64 4.1.1-1build2 [25.0 kB]
2025-10-05T00:45:23.3204166Z Get:158 http://azure.archive.ubuntu.com/ubuntu noble/main amd64 libsecret-common all 0.21.4-1build3 [4962 B]
2025-10-05T00:45:23.4015926Z Get:159 http://azure.archive.ubuntu.com/ubuntu noble/main amd64 libsecret-1-0 amd64 0.21.4-1build3 [116 kB]
2025-10-05T00:45:23.4922980Z Get:160 http://azure.archive.ubuntu.com/ubuntu noble/universe amd64 libsndio7.0 amd64 1.9.0-0.3build3 [29.6 kB]
2025-10-05T00:45:23.5771658Z Get:161 http://azure.archive.ubuntu.com/ubuntu noble/universe amd64 libsoundtouch1 amd64 2.3.2+ds1-1build1 [60.5 kB]
2025-10-05T00:45:23.6583807Z Get:162 http://azure.archive.ubuntu.com/ubuntu noble/universe amd64 libspandsp2t64 amd64 0.0.6+dfsg-2.1build1 [311 kB]
2025-10-05T00:45:23.7501671Z Get:163 http://azure.archive.ubuntu.com/ubuntu noble/universe amd64 libsrtp2-1 amd64 2.5.0-3build1 [41.9 kB]
2025-10-05T00:45:23.8333539Z Get:164 http://azure.archive.ubuntu.com/ubuntu noble/universe amd64 libwildmidi2 amd64 0.4.3-1build3 [68.5 kB]
2025-10-05T00:45:23.9172425Z Get:165 http://azure.archive.ubuntu.com/ubuntu noble/main amd64 libwoff1 amd64 1.0.2-2build1 [45.3 kB]
2025-10-05T00:45:24.0014627Z Get:166 http://azure.archive.ubuntu.com/ubuntu noble/main amd64 libxcb-xkb1 amd64 1.15-1ubuntu2 [32.3 kB]
2025-10-05T00:45:24.0988643Z Get:167 http://azure.archive.ubuntu.com/ubuntu noble/main amd64 libxkbcommon-x11-0 amd64 1.6.0-1build1 [14.5 kB]
2025-10-05T00:45:24.1790430Z Get:168 http://azure.archive.ubuntu.com/ubuntu noble/universe amd64 libzbar0t64 amd64 0.23.93-4build3 [123 kB]
2025-10-05T00:45:24.2649082Z Get:169 http://azure.archive.ubuntu.com/ubuntu noble/universe amd64 libzxing3 amd64 2.2.1-3 [583 kB]
2025-10-05T00:45:24.4321984Z Get:170 http://azure.archive.ubuntu.com/ubuntu noble/main amd64 xfonts-encodings all 1:1.0.5-0ubuntu2 [578 kB]
2025-10-05T00:45:24.5923008Z Get:171 http://azure.archive.ubuntu.com/ubuntu noble/main amd64 xfonts-utils amd64 1:7.7+6build3 [94.4 kB]
2025-10-05T00:45:24.6769201Z Get:172 http://azure.archive.ubuntu.com/ubuntu noble/universe amd64 xfonts-cyrillic all 1:1.0.5+nmu1 [384 kB]
2025-10-05T00:45:24.7674950Z Get:173 http://azure.archive.ubuntu.com/ubuntu noble/main amd64 xfonts-scalable all 1:1.0.3-1.3 [304 kB]
2025-10-05T00:45:25.0342974Z Get:174 http://azure.archive.ubuntu.com/ubuntu noble/universe amd64 libgstreamer-plugins-bad1.0-0 amd64 1.24.2-1ubuntu4 [797 kB]
2025-10-05T00:45:25.3046780Z Get:175 http://azure.archive.ubuntu.com/ubuntu noble/universe amd64 libdca0 amd64 0.0.7-2build1 [93.8 kB]
2025-10-05T00:45:25.3900898Z Get:176 http://azure.archive.ubuntu.com/ubuntu noble/universe amd64 libopenal1 amd64 1:1.23.1-4build1 [540 kB]
2025-10-05T00:45:25.6297579Z Get:177 http://azure.archive.ubuntu.com/ubuntu noble/main amd64 libsbc1 amd64 2.0-1build1 [33.9 kB]
2025-10-05T00:45:25.7106649Z Get:178 http://azure.archive.ubuntu.com/ubuntu noble/universe amd64 libvo-aacenc0 amd64 0.1.3-2build1 [67.8 kB]
2025-10-05T00:45:25.7937751Z Get:179 http://azure.archive.ubuntu.com/ubuntu noble/universe amd64 libvo-amrwbenc0 amd64 0.1.3-2build1 [76.7 kB]
2025-10-05T00:45:25.8781264Z Get:180 http://azure.archive.ubuntu.com/ubuntu noble/universe amd64 gstreamer1.0-plugins-bad amd64 1.24.2-1ubuntu4 [3081 kB]
2025-10-05T00:45:26.7356339Z Fetched 114 MB in 27s (4202 kB/s)
2025-10-05T00:45:26.7891100Z Selecting previously unselected package fonts-ipafont-gothic.
2025-10-05T00:45:26.8284322Z (Reading database ... 
2025-10-05T00:45:26.8284779Z (Reading database ... 5%
2025-10-05T00:45:26.8285163Z (Reading database ... 10%
2025-10-05T00:45:26.8285419Z (Reading database ... 15%
2025-10-05T00:45:26.8285665Z (Reading database ... 20%
2025-10-05T00:45:26.8285908Z (Reading database ... 25%
2025-10-05T00:45:26.8286132Z (Reading database ... 30%
2025-10-05T00:45:26.8286361Z (Reading database ... 35%
2025-10-05T00:45:26.8286692Z (Reading database ... 40%
2025-10-05T00:45:26.8287055Z (Reading database ... 45%
2025-10-05T00:45:26.8287434Z (Reading database ... 50%
2025-10-05T00:45:26.9073708Z (Reading database ... 55%
2025-10-05T00:45:27.4998151Z (Reading database ... 60%
2025-10-05T00:45:28.0404616Z (Reading database ... 65%
2025-10-05T00:45:28.5682335Z (Reading database ... 70%
2025-10-05T00:45:29.0553013Z (Reading database ... 75%
2025-10-05T00:45:29.5760637Z (Reading database ... 80%
2025-10-05T00:45:30.2903271Z (Reading database ... 85%
2025-10-05T00:45:30.9156832Z (Reading database ... 90%
2025-10-05T00:45:31.5230094Z (Reading database ... 95%
2025-10-05T00:45:31.5230689Z (Reading database ... 100%
2025-10-05T00:45:31.5231282Z (Reading database ... 214596 files and directories currently installed.)
2025-10-05T00:45:31.5277101Z Preparing to unpack .../000-fonts-ipafont-gothic_00303-21ubuntu1_all.deb ...
2025-10-05T00:45:31.5379494Z Unpacking fonts-ipafont-gothic (00303-21ubuntu1) ...
2025-10-05T00:45:31.7702035Z Selecting previously unselected package fonts-freefont-ttf.
2025-10-05T00:45:31.7832290Z Preparing to unpack .../001-fonts-freefont-ttf_20211204+svn4273-2_all.deb ...
2025-10-05T00:45:31.7843868Z Unpacking fonts-freefont-ttf (20211204+svn4273-2) ...
2025-10-05T00:45:31.8716517Z Selecting previously unselected package fonts-tlwg-loma-otf.
2025-10-05T00:45:31.8848327Z Preparing to unpack .../002-fonts-tlwg-loma-otf_1%3a0.7.3-1_all.deb ...
2025-10-05T00:45:31.8860049Z Unpacking fonts-tlwg-loma-otf (1:0.7.3-1) ...
2025-10-05T00:45:31.9090421Z Selecting previously unselected package fonts-unifont.
2025-10-05T00:45:31.9223129Z Preparing to unpack .../003-fonts-unifont_1%3a15.1.01-1build1_all.deb ...
2025-10-05T00:45:31.9234671Z Unpacking fonts-unifont (1:15.1.01-1build1) ...
2025-10-05T00:45:32.0484318Z Selecting previously unselected package fonts-wqy-zenhei.
2025-10-05T00:45:32.0616661Z Preparing to unpack .../004-fonts-wqy-zenhei_0.9.45-8_all.deb ...
2025-10-05T00:45:32.0803055Z Unpacking fonts-wqy-zenhei (0.9.45-8) ...
2025-10-05T00:45:32.5374522Z Selecting previously unselected package libproxy1v5:amd64.
2025-10-05T00:45:32.5509545Z Preparing to unpack .../005-libproxy1v5_0.5.4-4build1_amd64.deb ...
2025-10-05T00:45:32.5620335Z Unpacking libproxy1v5:amd64 (0.5.4-4build1) ...
2025-10-05T00:45:32.5843505Z Selecting previously unselected package glib-networking-common.
2025-10-05T00:45:32.5976656Z Preparing to unpack .../006-glib-networking-common_2.80.0-1build1_all.deb ...
2025-10-05T00:45:32.5986518Z Unpacking glib-networking-common (2.80.0-1build1) ...
2025-10-05T00:45:32.6185912Z Selecting previously unselected package glib-networking-services.
2025-10-05T00:45:32.6316683Z Preparing to unpack .../007-glib-networking-services_2.80.0-1build1_amd64.deb ...
2025-10-05T00:45:32.6325757Z Unpacking glib-networking-services (2.80.0-1build1) ...
2025-10-05T00:45:32.6536636Z Selecting previously unselected package session-migration.
2025-10-05T00:45:32.6669129Z Preparing to unpack .../008-session-migration_0.3.9build1_amd64.deb ...
2025-10-05T00:45:32.6681364Z Unpacking session-migration (0.3.9build1) ...
2025-10-05T00:45:32.7000333Z Selecting previously unselected package gsettings-desktop-schemas.
2025-10-05T00:45:32.7129256Z Preparing to unpack .../009-gsettings-desktop-schemas_46.1-0ubuntu1_all.deb ...
2025-10-05T00:45:32.7139997Z Unpacking gsettings-desktop-schemas (46.1-0ubuntu1) ...
2025-10-05T00:45:32.7419725Z Selecting previously unselected package glib-networking:amd64.
2025-10-05T00:45:32.7550953Z Preparing to unpack .../010-glib-networking_2.80.0-1build1_amd64.deb ...
2025-10-05T00:45:32.7561019Z Unpacking glib-networking:amd64 (2.80.0-1build1) ...
2025-10-05T00:45:32.7796904Z Selecting previously unselected package libva2:amd64.
2025-10-05T00:45:32.7927857Z Preparing to unpack .../011-libva2_2.20.0-2build1_amd64.deb ...
2025-10-05T00:45:32.7938594Z Unpacking libva2:amd64 (2.20.0-2build1) ...
2025-10-05T00:45:32.8167870Z Selecting previously unselected package libva-drm2:amd64.
2025-10-05T00:45:32.8297539Z Preparing to unpack .../012-libva-drm2_2.20.0-2build1_amd64.deb ...
2025-10-05T00:45:32.8310280Z Unpacking libva-drm2:amd64 (2.20.0-2build1) ...
2025-10-05T00:45:32.8527625Z Selecting previously unselected package libva-x11-2:amd64.
2025-10-05T00:45:32.8658188Z Preparing to unpack .../013-libva-x11-2_2.20.0-2build1_amd64.deb ...
2025-10-05T00:45:32.8668228Z Unpacking libva-x11-2:amd64 (2.20.0-2build1) ...
2025-10-05T00:45:32.8884950Z Selecting previously unselected package libvdpau1:amd64.
2025-10-05T00:45:32.9016172Z Preparing to unpack .../014-libvdpau1_1.5-2build1_amd64.deb ...
2025-10-05T00:45:32.9028259Z Unpacking libvdpau1:amd64 (1.5-2build1) ...
2025-10-05T00:45:32.9256757Z Selecting previously unselected package libvpl2.
2025-10-05T00:45:32.9386261Z Preparing to unpack .../015-libvpl2_2023.3.0-1build1_amd64.deb ...
2025-10-05T00:45:32.9396405Z Unpacking libvpl2 (2023.3.0-1build1) ...
2025-10-05T00:45:32.9634632Z Selecting previously unselected package ocl-icd-libopencl1:amd64.
2025-10-05T00:45:32.9764054Z Preparing to unpack .../016-ocl-icd-libopencl1_2.3.2-1build1_amd64.deb ...
2025-10-05T00:45:32.9774441Z Unpacking ocl-icd-libopencl1:amd64 (2.3.2-1build1) ...
2025-10-05T00:45:33.0192566Z Selecting previously unselected package libavutil58:amd64.
2025-10-05T00:45:33.0323342Z Preparing to unpack .../017-libavutil58_7%3a6.1.1-3ubuntu5_amd64.deb ...
2025-10-05T00:45:33.0335701Z Unpacking libavutil58:amd64 (7:6.1.1-3ubuntu5) ...
2025-10-05T00:45:33.0786325Z Selecting previously unselected package libcodec2-1.2:amd64.
2025-10-05T00:45:33.0916684Z Preparing to unpack .../018-libcodec2-1.2_1.2.0-2build1_amd64.deb ...
2025-10-05T00:45:33.0929843Z Unpacking libcodec2-1.2:amd64 (1.2.0-2build1) ...
2025-10-05T00:45:33.1749735Z Selecting previously unselected package libdav1d7:amd64.
2025-10-05T00:45:33.1881674Z Preparing to unpack .../019-libdav1d7_1.4.1-1build1_amd64.deb ...
2025-10-05T00:45:33.1893008Z Unpacking libdav1d7:amd64 (1.4.1-1build1) ...
2025-10-05T00:45:33.2200742Z Selecting previously unselected package libgsm1:amd64.
2025-10-05T00:45:33.2334271Z Preparing to unpack .../020-libgsm1_1.0.22-1build1_amd64.deb ...
2025-10-05T00:45:33.2346363Z Unpacking libgsm1:amd64 (1.0.22-1build1) ...
2025-10-05T00:45:33.2570748Z Selecting previously unselected package libhwy1t64:amd64.
2025-10-05T00:45:33.2703467Z Preparing to unpack .../021-libhwy1t64_1.0.7-8.1build1_amd64.deb ...
2025-10-05T00:45:33.2715771Z Unpacking libhwy1t64:amd64 (1.0.7-8.1build1) ...
2025-10-05T00:45:33.3069415Z Selecting previously unselected package libjxl0.7:amd64.
2025-10-05T00:45:33.3202836Z Preparing to unpack .../022-libjxl0.7_0.7.0-10.2ubuntu6.1_amd64.deb ...
2025-10-05T00:45:33.3214860Z Unpacking libjxl0.7:amd64 (0.7.0-10.2ubuntu6.1) ...
2025-10-05T00:45:33.3591725Z Selecting previously unselected package libmp3lame0:amd64.
2025-10-05T00:45:33.3725832Z Preparing to unpack .../023-libmp3lame0_3.100-6build1_amd64.deb ...
2025-10-05T00:45:33.3739012Z Unpacking libmp3lame0:amd64 (3.100-6build1) ...
2025-10-05T00:45:33.3989484Z Selecting previously unselected package libopus0:amd64.
2025-10-05T00:45:33.4124064Z Preparing to unpack .../024-libopus0_1.4-1build1_amd64.deb ...
2025-10-05T00:45:33.4136056Z Unpacking libopus0:amd64 (1.4-1build1) ...
2025-10-05T00:45:33.4389052Z Selecting previously unselected package librav1e0:amd64.
2025-10-05T00:45:33.4523555Z Preparing to unpack .../025-librav1e0_0.7.1-2_amd64.deb ...
2025-10-05T00:45:33.4534409Z Unpacking librav1e0:amd64 (0.7.1-2) ...
2025-10-05T00:45:33.4886215Z Selecting previously unselected package librsvg2-2:amd64.
2025-10-05T00:45:33.5019435Z Preparing to unpack .../026-librsvg2-2_2.58.0+dfsg-1build1_amd64.deb ...
2025-10-05T00:45:33.5028139Z Unpacking librsvg2-2:amd64 (2.58.0+dfsg-1build1) ...
2025-10-05T00:45:33.5622110Z Selecting previously unselected package libshine3:amd64.
2025-10-05T00:45:33.5756124Z Preparing to unpack .../027-libshine3_3.1.1-2build1_amd64.deb ...
2025-10-05T00:45:33.5764284Z Unpacking libshine3:amd64 (3.1.1-2build1) ...
2025-10-05T00:45:33.5968961Z Selecting previously unselected package libspeex1:amd64.
2025-10-05T00:45:33.6103462Z Preparing to unpack .../028-libspeex1_1.2.1-2ubuntu2.24.04.1_amd64.deb ...
2025-10-05T00:45:33.6112473Z Unpacking libspeex1:amd64 (1.2.1-2ubuntu2.24.04.1) ...
2025-10-05T00:45:33.6323271Z Selecting previously unselected package libsvtav1enc1d1:amd64.
2025-10-05T00:45:33.6455964Z Preparing to unpack .../029-libsvtav1enc1d1_1.7.0+dfsg-2build1_amd64.deb ...
2025-10-05T00:45:33.6465009Z Unpacking libsvtav1enc1d1:amd64 (1.7.0+dfsg-2build1) ...
2025-10-05T00:45:33.6986355Z Selecting previously unselected package libsoxr0:amd64.
2025-10-05T00:45:33.7118468Z Preparing to unpack .../030-libsoxr0_0.1.3-4build3_amd64.deb ...
2025-10-05T00:45:33.7127142Z Unpacking libsoxr0:amd64 (0.1.3-4build3) ...
2025-10-05T00:45:33.7350113Z Selecting previously unselected package libswresample4:amd64.
2025-10-05T00:45:33.7480759Z Preparing to unpack .../031-libswresample4_7%3a6.1.1-3ubuntu5_amd64.deb ...
2025-10-05T00:45:33.7490961Z Unpacking libswresample4:amd64 (7:6.1.1-3ubuntu5) ...
2025-10-05T00:45:33.7715618Z Selecting previously unselected package libtheora0:amd64.
2025-10-05T00:45:33.7848131Z Preparing to unpack .../032-libtheora0_1.1.1+dfsg.1-16.1build3_amd64.deb ...
2025-10-05T00:45:33.7857644Z Unpacking libtheora0:amd64 (1.1.1+dfsg.1-16.1build3) ...
2025-10-05T00:45:33.8112169Z Selecting previously unselected package libtwolame0:amd64.
2025-10-05T00:45:33.8244994Z Preparing to unpack .../033-libtwolame0_0.4.0-2build3_amd64.deb ...
2025-10-05T00:45:33.8255851Z Unpacking libtwolame0:amd64 (0.4.0-2build3) ...
2025-10-05T00:45:33.8477478Z Selecting previously unselected package libvorbisenc2:amd64.
2025-10-05T00:45:33.8610598Z Preparing to unpack .../034-libvorbisenc2_1.3.7-1build3_amd64.deb ...
2025-10-05T00:45:33.8620269Z Unpacking libvorbisenc2:amd64 (1.3.7-1build3) ...
2025-10-05T00:45:33.8865647Z Selecting previously unselected package libvpx9:amd64.
2025-10-05T00:45:33.8997746Z Preparing to unpack .../035-libvpx9_1.14.0-1ubuntu2.2_amd64.deb ...
2025-10-05T00:45:33.9006408Z Unpacking libvpx9:amd64 (1.14.0-1ubuntu2.2) ...
2025-10-05T00:45:33.9353497Z Selecting previously unselected package libx264-164:amd64.
2025-10-05T00:45:33.9486155Z Preparing to unpack .../036-libx264-164_2%3a0.164.3108+git31e19f9-1_amd64.deb ...
2025-10-05T00:45:33.9494721Z Unpacking libx264-164:amd64 (2:0.164.3108+git31e19f9-1) ...
2025-10-05T00:45:33.9789672Z Selecting previously unselected package libx265-199:amd64.
2025-10-05T00:45:33.9926153Z Preparing to unpack .../037-libx265-199_3.5-2build1_amd64.deb ...
2025-10-05T00:45:33.9935136Z Unpacking libx265-199:amd64 (3.5-2build1) ...
2025-10-05T00:45:34.0960277Z Selecting previously unselected package libxvidcore4:amd64.
2025-10-05T00:45:34.1095816Z Preparing to unpack .../038-libxvidcore4_2%3a1.3.7-1build1_amd64.deb ...
2025-10-05T00:45:34.1104276Z Unpacking libxvidcore4:amd64 (2:1.3.7-1build1) ...
2025-10-05T00:45:34.1335747Z Selecting previously unselected package libzvbi-common.
2025-10-05T00:45:34.1469183Z Preparing to unpack .../039-libzvbi-common_0.2.42-2_all.deb ...
2025-10-05T00:45:34.1477239Z Unpacking libzvbi-common (0.2.42-2) ...
2025-10-05T00:45:34.2130794Z Selecting previously unselected package libzvbi0t64:amd64.
2025-10-05T00:45:34.2265566Z Preparing to unpack .../040-libzvbi0t64_0.2.42-2_amd64.deb ...
2025-10-05T00:45:34.2274541Z Unpacking libzvbi0t64:amd64 (0.2.42-2) ...
2025-10-05T00:45:34.2538003Z Selecting previously unselected package libavcodec60:amd64.
2025-10-05T00:45:34.2673220Z Preparing to unpack .../041-libavcodec60_7%3a6.1.1-3ubuntu5_amd64.deb ...
2025-10-05T00:45:34.2682013Z Unpacking libavcodec60:amd64 (7:6.1.1-3ubuntu5) ...
2025-10-05T00:45:34.3560664Z Selecting previously unselected package libunibreak5:amd64.
2025-10-05T00:45:34.3698386Z Preparing to unpack .../042-libunibreak5_5.1-2build1_amd64.deb ...
2025-10-05T00:45:34.3707667Z Unpacking libunibreak5:amd64 (5.1-2build1) ...
2025-10-05T00:45:34.3939245Z Selecting previously unselected package libass9:amd64.
2025-10-05T00:45:34.4079442Z Preparing to unpack .../043-libass9_1%3a0.17.1-2build1_amd64.deb ...
2025-10-05T00:45:34.4092840Z Unpacking libass9:amd64 (1:0.17.1-2build1) ...
2025-10-05T00:45:34.4317803Z Selecting previously unselected package libudfread0:amd64.
2025-10-05T00:45:34.4458419Z Preparing to unpack .../044-libudfread0_1.1.2-1build1_amd64.deb ...
2025-10-05T00:45:34.4467889Z Unpacking libudfread0:amd64 (1.1.2-1build1) ...
2025-10-05T00:45:34.4687681Z Selecting previously unselected package libbluray2:amd64.
2025-10-05T00:45:34.4818781Z Preparing to unpack .../045-libbluray2_1%3a1.3.4-1build1_amd64.deb ...
2025-10-05T00:45:34.4827971Z Unpacking libbluray2:amd64 (1:1.3.4-1build1) ...
2025-10-05T00:45:34.5059142Z Selecting previously unselected package libchromaprint1:amd64.
2025-10-05T00:45:34.5191298Z Preparing to unpack .../046-libchromaprint1_1.5.1-5_amd64.deb ...
2025-10-05T00:45:34.5211859Z Unpacking libchromaprint1:amd64 (1.5.1-5) ...
2025-10-05T00:45:34.5424388Z Selecting previously unselected package libgme0:amd64.
2025-10-05T00:45:34.5555167Z Preparing to unpack .../047-libgme0_0.6.3-7build1_amd64.deb ...
2025-10-05T00:45:34.5565082Z Unpacking libgme0:amd64 (0.6.3-7build1) ...
2025-10-05T00:45:34.5803331Z Selecting previously unselected package libmpg123-0t64:amd64.
2025-10-05T00:45:34.5935347Z Preparing to unpack .../048-libmpg123-0t64_1.32.5-1ubuntu1.1_amd64.deb ...
2025-10-05T00:45:34.5944029Z Unpacking libmpg123-0t64:amd64 (1.32.5-1ubuntu1.1) ...
2025-10-05T00:45:34.6171663Z Selecting previously unselected package libopenmpt0t64:amd64.
2025-10-05T00:45:34.6306266Z Preparing to unpack .../049-libopenmpt0t64_0.7.3-1.1build3_amd64.deb ...
2025-10-05T00:45:34.6316239Z Unpacking libopenmpt0t64:amd64 (0.7.3-1.1build3) ...
2025-10-05T00:45:34.6598782Z Selecting previously unselected package libcjson1:amd64.
2025-10-05T00:45:34.6730737Z Preparing to unpack .../050-libcjson1_1.7.17-1_amd64.deb ...
2025-10-05T00:45:34.6739548Z Unpacking libcjson1:amd64 (1.7.17-1) ...
2025-10-05T00:45:34.6952276Z Selecting previously unselected package libmbedcrypto7t64:amd64.
2025-10-05T00:45:34.7085380Z Preparing to unpack .../051-libmbedcrypto7t64_2.28.8-1_amd64.deb ...
2025-10-05T00:45:34.7093583Z Unpacking libmbedcrypto7t64:amd64 (2.28.8-1) ...
2025-10-05T00:45:34.7326162Z Selecting previously unselected package librist4:amd64.
2025-10-05T00:45:34.7458094Z Preparing to unpack .../052-librist4_0.2.10+dfsg-2_amd64.deb ...
2025-10-05T00:45:34.7470520Z Unpacking librist4:amd64 (0.2.10+dfsg-2) ...
2025-10-05T00:45:34.7685882Z Selecting previously unselected package libsrt1.5-gnutls:amd64.
2025-10-05T00:45:34.7817116Z Preparing to unpack .../053-libsrt1.5-gnutls_1.5.3-1build2_amd64.deb ...
2025-10-05T00:45:34.7827816Z Unpacking libsrt1.5-gnutls:amd64 (1.5.3-1build2) ...
2025-10-05T00:45:34.8084629Z Selecting previously unselected package libssh-gcrypt-4:amd64.
2025-10-05T00:45:34.8214289Z Preparing to unpack .../054-libssh-gcrypt-4_0.10.6-2ubuntu0.1_amd64.deb ...
2025-10-05T00:45:34.8224257Z Unpacking libssh-gcrypt-4:amd64 (0.10.6-2ubuntu0.1) ...
2025-10-05T00:45:34.8472129Z Selecting previously unselected package libavformat60:amd64.
2025-10-05T00:45:34.8604442Z Preparing to unpack .../055-libavformat60_7%3a6.1.1-3ubuntu5_amd64.deb ...
2025-10-05T00:45:34.8614391Z Unpacking libavformat60:amd64 (7:6.1.1-3ubuntu5) ...
2025-10-05T00:45:34.8956210Z Selecting previously unselected package libbs2b0:amd64.
2025-10-05T00:45:34.9088279Z Preparing to unpack .../056-libbs2b0_3.1.0+dfsg-7build1_amd64.deb ...
2025-10-05T00:45:34.9097134Z Unpacking libbs2b0:amd64 (3.1.0+dfsg-7build1) ...
2025-10-05T00:45:34.9325938Z Selecting previously unselected package libflite1:amd64.
2025-10-05T00:45:34.9457518Z Preparing to unpack .../057-libflite1_2.2-6build3_amd64.deb ...
2025-10-05T00:45:34.9465954Z Unpacking libflite1:amd64 (2.2-6build3) ...
2025-10-05T00:45:35.0648433Z Selecting previously unselected package libserd-0-0:amd64.
2025-10-05T00:45:35.0783398Z Preparing to unpack .../058-libserd-0-0_0.32.2-1_amd64.deb ...
2025-10-05T00:45:35.0792286Z Unpacking libserd-0-0:amd64 (0.32.2-1) ...
2025-10-05T00:45:35.1012026Z Selecting previously unselected package libzix-0-0:amd64.
2025-10-05T00:45:35.1157348Z Preparing to unpack .../059-libzix-0-0_0.4.2-2build1_amd64.deb ...
2025-10-05T00:45:35.1167423Z Unpacking libzix-0-0:amd64 (0.4.2-2build1) ...
2025-10-05T00:45:35.1387655Z Selecting previously unselected package libsord-0-0:amd64.
2025-10-05T00:45:35.1516651Z Preparing to unpack .../060-libsord-0-0_0.16.16-2build1_amd64.deb ...
2025-10-05T00:45:35.1526718Z Unpacking libsord-0-0:amd64 (0.16.16-2build1) ...
2025-10-05T00:45:35.1736852Z Selecting previously unselected package libsratom-0-0:amd64.
2025-10-05T00:45:35.1854776Z Preparing to unpack .../061-libsratom-0-0_0.6.16-1build1_amd64.deb ...
2025-10-05T00:45:35.1863255Z Unpacking libsratom-0-0:amd64 (0.6.16-1build1) ...
2025-10-05T00:45:35.2061427Z Selecting previously unselected package liblilv-0-0:amd64.
2025-10-05T00:45:35.2180873Z Preparing to unpack .../062-liblilv-0-0_0.24.22-1build1_amd64.deb ...
2025-10-05T00:45:35.2191269Z Unpacking liblilv-0-0:amd64 (0.24.22-1build1) ...
2025-10-05T00:45:35.2406672Z Selecting previously unselected package libmysofa1:amd64.
2025-10-05T00:45:35.2523148Z Preparing to unpack .../063-libmysofa1_1.3.2+dfsg-2ubuntu2_amd64.deb ...
2025-10-05T00:45:35.2535225Z Unpacking libmysofa1:amd64 (1.3.2+dfsg-2ubuntu2) ...
2025-10-05T00:45:35.2782128Z Selecting previously unselected package libplacebo338:amd64.
2025-10-05T00:45:35.2901222Z Preparing to unpack .../064-libplacebo338_6.338.2-2build1_amd64.deb ...
2025-10-05T00:45:35.2910260Z Unpacking libplacebo338:amd64 (6.338.2-2build1) ...
2025-10-05T00:45:35.3483746Z Selecting previously unselected package libblas3:amd64.
2025-10-05T00:45:35.3604033Z Preparing to unpack .../065-libblas3_3.12.0-3build1.1_amd64.deb ...
2025-10-05T00:45:35.3633311Z Unpacking libblas3:amd64 (3.12.0-3build1.1) ...
2025-10-05T00:45:35.3880485Z Selecting previously unselected package liblapack3:amd64.
2025-10-05T00:45:35.4004027Z Preparing to unpack .../066-liblapack3_3.12.0-3build1.1_amd64.deb ...
2025-10-05T00:45:35.4035965Z Unpacking liblapack3:amd64 (3.12.0-3build1.1) ...
2025-10-05T00:45:35.4537843Z Selecting previously unselected package libasyncns0:amd64.
2025-10-05T00:45:35.4657861Z Preparing to unpack .../067-libasyncns0_0.8-6build4_amd64.deb ...
2025-10-05T00:45:35.4666972Z Unpacking libasyncns0:amd64 (0.8-6build4) ...
2025-10-05T00:45:35.4866071Z Selecting previously unselected package libflac12t64:amd64.
2025-10-05T00:45:35.4984827Z Preparing to unpack .../068-libflac12t64_1.4.3+ds-2.1ubuntu2_amd64.deb ...
2025-10-05T00:45:35.4994650Z Unpacking libflac12t64:amd64 (1.4.3+ds-2.1ubuntu2) ...
2025-10-05T00:45:35.5258742Z Selecting previously unselected package libsndfile1:amd64.
2025-10-05T00:45:35.5380222Z Preparing to unpack .../069-libsndfile1_1.2.2-1ubuntu5.24.04.1_amd64.deb ...
2025-10-05T00:45:35.5389104Z Unpacking libsndfile1:amd64 (1.2.2-1ubuntu5.24.04.1) ...
2025-10-05T00:45:35.5645014Z Selecting previously unselected package libpulse0:amd64.
2025-10-05T00:45:35.5763420Z Preparing to unpack .../070-libpulse0_1%3a16.1+dfsg1-2ubuntu10.1_amd64.deb ...
2025-10-05T00:45:35.5823629Z Unpacking libpulse0:amd64 (1:16.1+dfsg1-2ubuntu10.1) ...
2025-10-05T00:45:35.6075406Z Selecting previously unselected package libsphinxbase3t64:amd64.
2025-10-05T00:45:35.6196638Z Preparing to unpack .../071-libsphinxbase3t64_0.8+5prealpha+1-17build2_amd64.deb ...
2025-10-05T00:45:35.6206146Z Unpacking libsphinxbase3t64:amd64 (0.8+5prealpha+1-17build2) ...
2025-10-05T00:45:35.6543426Z Selecting previously unselected package libpocketsphinx3:amd64.
2025-10-05T00:45:35.6661775Z Preparing to unpack .../072-libpocketsphinx3_0.8.0+real5prealpha+1-15ubuntu5_amd64.deb ...
2025-10-05T00:45:35.6669781Z Unpacking libpocketsphinx3:amd64 (0.8.0+real5prealpha+1-15ubuntu5) ...
2025-10-05T00:45:35.6898658Z Selecting previously unselected package libpostproc57:amd64.
2025-10-05T00:45:35.7016865Z Preparing to unpack .../073-libpostproc57_7%3a6.1.1-3ubuntu5_amd64.deb ...
2025-10-05T00:45:35.7025978Z Unpacking libpostproc57:amd64 (7:6.1.1-3ubuntu5) ...
2025-10-05T00:45:35.7236094Z Selecting previously unselected package libsamplerate0:amd64.
2025-10-05T00:45:35.7354109Z Preparing to unpack .../074-libsamplerate0_0.2.2-4build1_amd64.deb ...
2025-10-05T00:45:35.7364587Z Unpacking libsamplerate0:amd64 (0.2.2-4build1) ...
2025-10-05T00:45:35.7620778Z Selecting previously unselected package librubberband2:amd64.
2025-10-05T00:45:35.7740469Z Preparing to unpack .../075-librubberband2_3.3.0+dfsg-2build1_amd64.deb ...
2025-10-05T00:45:35.7750615Z Unpacking librubberband2:amd64 (3.3.0+dfsg-2build1) ...
2025-10-05T00:45:35.7966413Z Selecting previously unselected package libswscale7:amd64.
2025-10-05T00:45:35.8084698Z Preparing to unpack .../076-libswscale7_7%3a6.1.1-3ubuntu5_amd64.deb ...
2025-10-05T00:45:35.8118178Z Unpacking libswscale7:amd64 (7:6.1.1-3ubuntu5) ...
2025-10-05T00:45:35.8346523Z Selecting previously unselected package libvidstab1.1:amd64.
2025-10-05T00:45:35.8465514Z Preparing to unpack .../077-libvidstab1.1_1.1.0-2build1_amd64.deb ...
2025-10-05T00:45:35.8474272Z Unpacking libvidstab1.1:amd64 (1.1.0-2build1) ...
2025-10-05T00:45:35.8676322Z Selecting previously unselected package libzimg2:amd64.
2025-10-05T00:45:35.8795439Z Preparing to unpack .../078-libzimg2_3.0.5+ds1-1build1_amd64.deb ...
2025-10-05T00:45:35.8804769Z Unpacking libzimg2:amd64 (3.0.5+ds1-1build1) ...
2025-10-05T00:45:35.9038177Z Selecting previously unselected package libavfilter9:amd64.
2025-10-05T00:45:35.9156351Z Preparing to unpack .../079-libavfilter9_7%3a6.1.1-3ubuntu5_amd64.deb ...
2025-10-05T00:45:35.9168549Z Unpacking libavfilter9:amd64 (7:6.1.1-3ubuntu5) ...
2025-10-05T00:45:35.9904198Z Selecting previously unselected package liborc-0.4-0t64:amd64.
2025-10-05T00:45:36.0023736Z Preparing to unpack .../080-liborc-0.4-0t64_1%3a0.4.38-1ubuntu0.1_amd64.deb ...
2025-10-05T00:45:36.0036743Z Unpacking liborc-0.4-0t64:amd64 (1:0.4.38-1ubuntu0.1) ...
2025-10-05T00:45:36.0291802Z Selecting previously unselected package libgstreamer-plugins-base1.0-0:amd64.
2025-10-05T00:45:36.0410948Z Preparing to unpack .../081-libgstreamer-plugins-base1.0-0_1.24.2-1ubuntu0.3_amd64.deb ...
2025-10-05T00:45:36.0426265Z Unpacking libgstreamer-plugins-base1.0-0:amd64 (1.24.2-1ubuntu0.3) ...
2025-10-05T00:45:36.0913943Z Selecting previously unselected package gstreamer1.0-libav:amd64.
2025-10-05T00:45:36.1034291Z Preparing to unpack .../082-gstreamer1.0-libav_1.24.1-1build1_amd64.deb ...
2025-10-05T00:45:36.1045464Z Unpacking gstreamer1.0-libav:amd64 (1.24.1-1build1) ...
2025-10-05T00:45:36.1267326Z Selecting previously unselected package libcdparanoia0:amd64.
2025-10-05T00:45:36.1388412Z Preparing to unpack .../083-libcdparanoia0_3.10.2+debian-14build3_amd64.deb ...
2025-10-05T00:45:36.1396592Z Unpacking libcdparanoia0:amd64 (3.10.2+debian-14build3) ...
2025-10-05T00:45:36.1624673Z Selecting previously unselected package libvisual-0.4-0:amd64.
2025-10-05T00:45:36.1741249Z Preparing to unpack .../084-libvisual-0.4-0_0.4.2-2build1_amd64.deb ...
2025-10-05T00:45:36.1752387Z Unpacking libvisual-0.4-0:amd64 (0.4.2-2build1) ...
2025-10-05T00:45:36.1975255Z Selecting previously unselected package gstreamer1.0-plugins-base:amd64.
2025-10-05T00:45:36.2094754Z Preparing to unpack .../085-gstreamer1.0-plugins-base_1.24.2-1ubuntu0.3_amd64.deb ...
2025-10-05T00:45:36.2103494Z Unpacking gstreamer1.0-plugins-base:amd64 (1.24.2-1ubuntu0.3) ...
2025-10-05T00:45:36.2465924Z Selecting previously unselected package libaa1:amd64.
2025-10-05T00:45:36.2586149Z Preparing to unpack .../086-libaa1_1.4p5-51.1_amd64.deb ...
2025-10-05T00:45:36.2596067Z Unpacking libaa1:amd64 (1.4p5-51.1) ...
2025-10-05T00:45:36.2820273Z Selecting previously unselected package libraw1394-11:amd64.
2025-10-05T00:45:36.2942957Z Preparing to unpack .../087-libraw1394-11_2.1.2-2build3_amd64.deb ...
2025-10-05T00:45:36.2959407Z Unpacking libraw1394-11:amd64 (2.1.2-2build3) ...
2025-10-05T00:45:36.3186109Z Selecting previously unselected package libavc1394-0:amd64.
2025-10-05T00:45:36.3308483Z Preparing to unpack .../088-libavc1394-0_0.5.4-5build3_amd64.deb ...
2025-10-05T00:45:36.3321644Z Unpacking libavc1394-0:amd64 (0.5.4-5build3) ...
2025-10-05T00:45:36.3537251Z Selecting previously unselected package libcaca0:amd64.
2025-10-05T00:45:36.3658251Z Preparing to unpack .../089-libcaca0_0.99.beta20-4build2_amd64.deb ...
2025-10-05T00:45:36.3669763Z Unpacking libcaca0:amd64 (0.99.beta20-4build2) ...
2025-10-05T00:45:36.3930700Z Selecting previously unselected package libdv4t64:amd64.
2025-10-05T00:45:36.4050701Z Preparing to unpack .../090-libdv4t64_1.0.0-17.1build1_amd64.deb ...
2025-10-05T00:45:36.4060566Z Unpacking libdv4t64:amd64 (1.0.0-17.1build1) ...
2025-10-05T00:45:36.4349108Z Selecting previously unselected package libgstreamer-plugins-good1.0-0:amd64.
2025-10-05T00:45:36.4469817Z Preparing to unpack .../091-libgstreamer-plugins-good1.0-0_1.24.2-1ubuntu1.2_amd64.deb ...
2025-10-05T00:45:36.4483723Z Unpacking libgstreamer-plugins-good1.0-0:amd64 (1.24.2-1ubuntu1.2) ...
2025-10-05T00:45:36.4708852Z Selecting previously unselected package libiec61883-0:amd64.
2025-10-05T00:45:36.4827516Z Preparing to unpack .../092-libiec61883-0_1.2.0-6build1_amd64.deb ...
2025-10-05T00:45:36.4837844Z Unpacking libiec61883-0:amd64 (1.2.0-6build1) ...
2025-10-05T00:45:36.5048488Z Selecting previously unselected package libshout3:amd64.
2025-10-05T00:45:36.5167943Z Preparing to unpack .../093-libshout3_2.4.6-1build2_amd64.deb ...
2025-10-05T00:45:36.5177241Z Unpacking libshout3:amd64 (2.4.6-1build2) ...
2025-10-05T00:45:36.5556793Z Selecting previously unselected package libtag1v5-vanilla:amd64.
2025-10-05T00:45:36.5676813Z Preparing to unpack .../094-libtag1v5-vanilla_1.13.1-1build1_amd64.deb ...
2025-10-05T00:45:36.5685621Z Unpacking libtag1v5-vanilla:amd64 (1.13.1-1build1) ...
2025-10-05T00:45:36.5918684Z Selecting previously unselected package libtag1v5:amd64.
2025-10-05T00:45:36.6037905Z Preparing to unpack .../095-libtag1v5_1.13.1-1build1_amd64.deb ...
2025-10-05T00:45:36.6045746Z Unpacking libtag1v5:amd64 (1.13.1-1build1) ...
2025-10-05T00:45:36.6246157Z Selecting previously unselected package libv4lconvert0t64:amd64.
2025-10-05T00:45:36.6366214Z Preparing to unpack .../096-libv4lconvert0t64_1.26.1-4build3_amd64.deb ...
2025-10-05T00:45:36.6379971Z Unpacking libv4lconvert0t64:amd64 (1.26.1-4build3) ...
2025-10-05T00:45:36.6596477Z Selecting previously unselected package libv4l-0t64:amd64.
2025-10-05T00:45:36.6714573Z Preparing to unpack .../097-libv4l-0t64_1.26.1-4build3_amd64.deb ...
2025-10-05T00:45:36.6724583Z Unpacking libv4l-0t64:amd64 (1.26.1-4build3) ...
2025-10-05T00:45:36.6951147Z Selecting previously unselected package libwavpack1:amd64.
2025-10-05T00:45:36.7068743Z Preparing to unpack .../098-libwavpack1_5.6.0-1build1_amd64.deb ...
2025-10-05T00:45:36.7076920Z Unpacking libwavpack1:amd64 (5.6.0-1build1) ...
2025-10-05T00:45:36.7274418Z Selecting previously unselected package libsoup-3.0-common.
2025-10-05T00:45:36.7392349Z Preparing to unpack .../099-libsoup-3.0-common_3.4.4-5ubuntu0.5_all.deb ...
2025-10-05T00:45:36.7399868Z Unpacking libsoup-3.0-common (3.4.4-5ubuntu0.5) ...
2025-10-05T00:45:36.7596728Z Selecting previously unselected package libsoup-3.0-0:amd64.
2025-10-05T00:45:36.7714425Z Preparing to unpack .../100-libsoup-3.0-0_3.4.4-5ubuntu0.5_amd64.deb ...
2025-10-05T00:45:36.7721866Z Unpacking libsoup-3.0-0:amd64 (3.4.4-5ubuntu0.5) ...
2025-10-05T00:45:36.7955061Z Selecting previously unselected package gstreamer1.0-plugins-good:amd64.
2025-10-05T00:45:36.8071864Z Preparing to unpack .../101-gstreamer1.0-plugins-good_1.24.2-1ubuntu1.2_amd64.deb ...
2025-10-05T00:45:36.8089777Z Unpacking gstreamer1.0-plugins-good:amd64 (1.24.2-1ubuntu1.2) ...
2025-10-05T00:45:36.8638108Z Selecting previously unselected package libabsl20220623t64:amd64.
2025-10-05T00:45:36.8757853Z Preparing to unpack .../102-libabsl20220623t64_20220623.1-3.1ubuntu3.2_amd64.deb ...
2025-10-05T00:45:36.8767574Z Unpacking libabsl20220623t64:amd64 (20220623.1-3.1ubuntu3.2) ...
2025-10-05T00:45:36.9204399Z Selecting previously unselected package libgav1-1:amd64.
2025-10-05T00:45:36.9322571Z Preparing to unpack .../103-libgav1-1_0.18.0-1build3_amd64.deb ...
2025-10-05T00:45:36.9331713Z Unpacking libgav1-1:amd64 (0.18.0-1build3) ...
2025-10-05T00:45:36.9585192Z Selecting previously unselected package libyuv0:amd64.
2025-10-05T00:45:36.9702538Z Preparing to unpack .../104-libyuv0_0.0~git202401110.af6ac82-1_amd64.deb ...
2025-10-05T00:45:36.9714809Z Unpacking libyuv0:amd64 (0.0~git202401110.af6ac82-1) ...
2025-10-05T00:45:36.9954197Z Selecting previously unselected package libavif16:amd64.
2025-10-05T00:45:37.0074025Z Preparing to unpack .../105-libavif16_1.0.4-1ubuntu3_amd64.deb ...
2025-10-05T00:45:37.0086875Z Unpacking libavif16:amd64 (1.0.4-1ubuntu3) ...
2025-10-05T00:45:37.0306221Z Selecting previously unselected package libavtp0:amd64.
2025-10-05T00:45:37.0423624Z Preparing to unpack .../106-libavtp0_0.2.0-1build1_amd64.deb ...
2025-10-05T00:45:37.0432852Z Unpacking libavtp0:amd64 (0.2.0-1build1) ...
2025-10-05T00:45:37.0667082Z Selecting previously unselected package libcairo-script-interpreter2:amd64.
2025-10-05T00:45:37.0785138Z Preparing to unpack .../107-libcairo-script-interpreter2_1.18.0-3build1_amd64.deb ...
2025-10-05T00:45:37.0795226Z Unpacking libcairo-script-interpreter2:amd64 (1.18.0-3build1) ...
2025-10-05T00:45:37.1025559Z Selecting previously unselected package libdc1394-25:amd64.
2025-10-05T00:45:37.1145523Z Preparing to unpack .../108-libdc1394-25_2.2.6-4build1_amd64.deb ...
2025-10-05T00:45:37.1153994Z Unpacking libdc1394-25:amd64 (2.2.6-4build1) ...
2025-10-05T00:45:37.1389318Z Selecting previously unselected package libdecor-0-0:amd64.
2025-10-05T00:45:37.1512107Z Preparing to unpack .../109-libdecor-0-0_0.2.2-1build2_amd64.deb ...
2025-10-05T00:45:37.1519745Z Unpacking libdecor-0-0:amd64 (0.2.2-1build2) ...
2025-10-05T00:45:37.1740783Z Selecting previously unselected package libgles2:amd64.
2025-10-05T00:45:37.1861781Z Preparing to unpack .../110-libgles2_1.7.0-1build1_amd64.deb ...
2025-10-05T00:45:37.1872739Z Unpacking libgles2:amd64 (1.7.0-1build1) ...
2025-10-05T00:45:37.2090068Z Selecting previously unselected package libdirectfb-1.7-7t64:amd64.
2025-10-05T00:45:37.2209723Z Preparing to unpack .../111-libdirectfb-1.7-7t64_1.7.7-11.1ubuntu2_amd64.deb ...
2025-10-05T00:45:37.2218107Z Unpacking libdirectfb-1.7-7t64:amd64 (1.7.7-11.1ubuntu2) ...
2025-10-05T00:45:37.2649955Z Selecting previously unselected package libdvdread8t64:amd64.
2025-10-05T00:45:37.2771475Z Preparing to unpack .../112-libdvdread8t64_6.1.3-1.1build1_amd64.deb ...
2025-10-05T00:45:37.2781540Z Unpacking libdvdread8t64:amd64 (6.1.3-1.1build1) ...
2025-10-05T00:45:37.3017148Z Selecting previously unselected package libdvdnav4:amd64.
2025-10-05T00:45:37.3137965Z Preparing to unpack .../113-libdvdnav4_6.1.1-3build1_amd64.deb ...
2025-10-05T00:45:37.3149601Z Unpacking libdvdnav4:amd64 (6.1.1-3build1) ...
2025-10-05T00:45:37.3377073Z Selecting previously unselected package libegl-mesa0:amd64.
2025-10-05T00:45:37.3496558Z Preparing to unpack .../114-libegl-mesa0_25.0.7-0ubuntu0.24.04.2_amd64.deb ...
2025-10-05T00:45:37.3506043Z Unpacking libegl-mesa0:amd64 (25.0.7-0ubuntu0.24.04.2) ...
2025-10-05T00:45:37.3745767Z Selecting previously unselected package libevent-2.1-7t64:amd64.
2025-10-05T00:45:37.3867000Z Preparing to unpack .../115-libevent-2.1-7t64_2.1.12-stable-9ubuntu2_amd64.deb ...
2025-10-05T00:45:37.3875573Z Unpacking libevent-2.1-7t64:amd64 (2.1.12-stable-9ubuntu2) ...
2025-10-05T00:45:37.4098099Z Selecting previously unselected package libfaad2:amd64.
2025-10-05T00:45:37.4220239Z Preparing to unpack .../116-libfaad2_2.11.1-1build1_amd64.deb ...
2025-10-05T00:45:37.4238822Z Unpacking libfaad2:amd64 (2.11.1-1build1) ...
2025-10-05T00:45:37.4479573Z Selecting previously unselected package libinstpatch-1.0-2:amd64.
2025-10-05T00:45:37.4606943Z Preparing to unpack .../117-libinstpatch-1.0-2_1.1.6-1build2_amd64.deb ...
2025-10-05T00:45:37.4616487Z Unpacking libinstpatch-1.0-2:amd64 (1.1.6-1build2) ...
2025-10-05T00:45:37.4858860Z Selecting previously unselected package libjack-jackd2-0:amd64.
2025-10-05T00:45:37.4983481Z Preparing to unpack .../118-libjack-jackd2-0_1.9.21~dfsg-3ubuntu3_amd64.deb ...
2025-10-05T00:45:37.4992127Z Unpacking libjack-jackd2-0:amd64 (1.9.21~dfsg-3ubuntu3) ...
2025-10-05T00:45:37.5241503Z Selecting previously unselected package libwebrtc-audio-processing1:amd64.
2025-10-05T00:45:37.5362164Z Preparing to unpack .../119-libwebrtc-audio-processing1_0.3.1-0ubuntu6_amd64.deb ...
2025-10-05T00:45:37.5369927Z Unpacking libwebrtc-audio-processing1:amd64 (0.3.1-0ubuntu6) ...
2025-10-05T00:45:37.5596626Z Selecting previously unselected package libspa-0.2-modules:amd64.
2025-10-05T00:45:37.5717008Z Preparing to unpack .../120-libspa-0.2-modules_1.0.5-1ubuntu3.1_amd64.deb ...
2025-10-05T00:45:37.5725558Z Unpacking libspa-0.2-modules:amd64 (1.0.5-1ubuntu3.1) ...
2025-10-05T00:45:37.6053866Z Selecting previously unselected package libpipewire-0.3-0t64:amd64.
2025-10-05T00:45:37.6173278Z Preparing to unpack .../121-libpipewire-0.3-0t64_1.0.5-1ubuntu3.1_amd64.deb ...
2025-10-05T00:45:37.6183358Z Unpacking libpipewire-0.3-0t64:amd64 (1.0.5-1ubuntu3.1) ...
2025-10-05T00:45:37.6469963Z Selecting previously unselected package libsdl2-2.0-0:amd64.
2025-10-05T00:45:37.6587328Z Preparing to unpack .../122-libsdl2-2.0-0_2.30.0+dfsg-1ubuntu3.1_amd64.deb ...
2025-10-05T00:45:37.6594998Z Unpacking libsdl2-2.0-0:amd64 (2.30.0+dfsg-1ubuntu3.1) ...
2025-10-05T00:45:37.6888959Z Selecting previously unselected package timgm6mb-soundfont.
2025-10-05T00:45:37.7007698Z Preparing to unpack .../123-timgm6mb-soundfont_1.3-5_all.deb ...
2025-10-05T00:45:37.7017411Z Unpacking timgm6mb-soundfont (1.3-5) ...
2025-10-05T00:45:38.0403429Z Selecting previously unselected package libfluidsynth3:amd64.
2025-10-05T00:45:38.0521687Z Preparing to unpack .../124-libfluidsynth3_2.3.4-1build3_amd64.deb ...
2025-10-05T00:45:38.0534018Z Unpacking libfluidsynth3:amd64 (2.3.4-1build3) ...
2025-10-05T00:45:38.0811278Z Selecting previously unselected package libfreeaptx0:amd64.
2025-10-05T00:45:38.0931801Z Preparing to unpack .../125-libfreeaptx0_0.1.1-2build1_amd64.deb ...
2025-10-05T00:45:38.0940354Z Unpacking libfreeaptx0:amd64 (0.1.1-2build1) ...
2025-10-05T00:45:38.1162151Z Selecting previously unselected package libgraphene-1.0-0:amd64.
2025-10-05T00:45:38.1283696Z Preparing to unpack .../126-libgraphene-1.0-0_1.10.8-3build2_amd64.deb ...
2025-10-05T00:45:38.1297774Z Unpacking libgraphene-1.0-0:amd64 (1.10.8-3build2) ...
2025-10-05T00:45:38.1522038Z Selecting previously unselected package libgssdp-1.6-0:amd64.
2025-10-05T00:45:38.1642366Z Preparing to unpack .../127-libgssdp-1.6-0_1.6.3-1build3_amd64.deb ...
2025-10-05T00:45:38.1652298Z Unpacking libgssdp-1.6-0:amd64 (1.6.3-1build3) ...
2025-10-05T00:45:38.1875753Z Selecting previously unselected package libegl1:amd64.
2025-10-05T00:45:38.1992298Z Preparing to unpack .../128-libegl1_1.7.0-1build1_amd64.deb ...
2025-10-05T00:45:38.2003545Z Unpacking libegl1:amd64 (1.7.0-1build1) ...
2025-10-05T00:45:38.2221591Z Selecting previously unselected package libgstreamer-gl1.0-0:amd64.
2025-10-05T00:45:38.2341258Z Preparing to unpack .../129-libgstreamer-gl1.0-0_1.24.2-1ubuntu0.3_amd64.deb ...
2025-10-05T00:45:38.2349849Z Unpacking libgstreamer-gl1.0-0:amd64 (1.24.2-1ubuntu0.3) ...
2025-10-05T00:45:38.2587530Z Selecting previously unselected package libgtk-4-common.
2025-10-05T00:45:38.2708677Z Preparing to unpack .../130-libgtk-4-common_4.14.5+ds-0ubuntu0.5_all.deb ...
2025-10-05T00:45:38.2717495Z Unpacking libgtk-4-common (4.14.5+ds-0ubuntu0.5) ...
2025-10-05T00:45:38.3221547Z Selecting previously unselected package libgtk-4-1:amd64.
2025-10-05T00:45:38.3343144Z Preparing to unpack .../131-libgtk-4-1_4.14.5+ds-0ubuntu0.5_amd64.deb ...
2025-10-05T00:45:38.3352105Z Unpacking libgtk-4-1:amd64 (4.14.5+ds-0ubuntu0.5) ...
2025-10-05T00:45:38.4025185Z Selecting previously unselected package libgupnp-1.6-0:amd64.
2025-10-05T00:45:38.4144442Z Preparing to unpack .../132-libgupnp-1.6-0_1.6.6-1build3_amd64.deb ...
2025-10-05T00:45:38.4154662Z Unpacking libgupnp-1.6-0:amd64 (1.6.6-1build3) ...
2025-10-05T00:45:38.4380464Z Selecting previously unselected package libgupnp-igd-1.6-0:amd64.
2025-10-05T00:45:38.4502429Z Preparing to unpack .../133-libgupnp-igd-1.6-0_1.6.0-3build3_amd64.deb ...
2025-10-05T00:45:38.4511915Z Unpacking libgupnp-igd-1.6-0:amd64 (1.6.0-3build3) ...
2025-10-05T00:45:38.4719717Z Selecting previously unselected package libharfbuzz-icu0:amd64.
2025-10-05T00:45:38.4841268Z Preparing to unpack .../134-libharfbuzz-icu0_8.3.0-2build2_amd64.deb ...
2025-10-05T00:45:38.4850047Z Unpacking libharfbuzz-icu0:amd64 (8.3.0-2build2) ...
2025-10-05T00:45:38.5051582Z Selecting previously unselected package libhyphen0:amd64.
2025-10-05T00:45:38.5172051Z Preparing to unpack .../135-libhyphen0_2.8.8-7build3_amd64.deb ...
2025-10-05T00:45:38.5180089Z Unpacking libhyphen0:amd64 (2.8.8-7build3) ...
2025-10-05T00:45:38.5391783Z Selecting previously unselected package libimath-3-1-29t64:amd64.
2025-10-05T00:45:38.5510341Z Preparing to unpack .../136-libimath-3-1-29t64_3.1.9-3.1ubuntu2_amd64.deb ...
2025-10-05T00:45:38.5518372Z Unpacking libimath-3-1-29t64:amd64 (3.1.9-3.1ubuntu2) ...
2025-10-05T00:45:38.5734331Z Selecting previously unselected package liblc3-1:amd64.
2025-10-05T00:45:38.5850999Z Preparing to unpack .../137-liblc3-1_1.0.4-3build1_amd64.deb ...
2025-10-05T00:45:38.5859455Z Unpacking liblc3-1:amd64 (1.0.4-3build1) ...
2025-10-05T00:45:38.6066776Z Selecting previously unselected package libldacbt-enc2:amd64.
2025-10-05T00:45:38.6183588Z Preparing to unpack .../138-libldacbt-enc2_2.0.2.3+git20200429+ed310a0-4ubuntu2_amd64.deb ...
2025-10-05T00:45:38.6191939Z Unpacking libldacbt-enc2:amd64 (2.0.2.3+git20200429+ed310a0-4ubuntu2) ...
2025-10-05T00:45:38.6403899Z Selecting previously unselected package libraptor2-0:amd64.
2025-10-05T00:45:38.6521906Z Preparing to unpack .../139-libraptor2-0_2.0.16-3ubuntu0.1_amd64.deb ...
2025-10-05T00:45:38.6530948Z Unpacking libraptor2-0:amd64 (2.0.16-3ubuntu0.1) ...
2025-10-05T00:45:38.6768683Z Selecting previously unselected package liblrdf0:amd64.
2025-10-05T00:45:38.6886978Z Preparing to unpack .../140-liblrdf0_0.6.1-4build1_amd64.deb ...
2025-10-05T00:45:38.6896065Z Unpacking liblrdf0:amd64 (0.6.1-4build1) ...
2025-10-05T00:45:38.7106718Z Selecting previously unselected package libltc11:amd64.
2025-10-05T00:45:38.7225683Z Preparing to unpack .../141-libltc11_1.3.2-1build1_amd64.deb ...
2025-10-05T00:45:38.7234641Z Unpacking libltc11:amd64 (1.3.2-1build1) ...
2025-10-05T00:45:38.7443177Z Selecting previously unselected package libmanette-0.2-0:amd64.
2025-10-05T00:45:38.7561180Z Preparing to unpack .../142-libmanette-0.2-0_0.2.7-1build2_amd64.deb ...
2025-10-05T00:45:38.7569273Z Unpacking libmanette-0.2-0:amd64 (0.2.7-1build2) ...
2025-10-05T00:45:38.7785872Z Selecting previously unselected package libmfx1:amd64.
2025-10-05T00:45:38.7902434Z Preparing to unpack .../143-libmfx1_22.5.4-1_amd64.deb ...
2025-10-05T00:45:38.7914783Z Unpacking libmfx1:amd64 (22.5.4-1) ...
2025-10-05T00:45:38.8958038Z Selecting previously unselected package libmjpegutils-2.1-0t64:amd64.
2025-10-05T00:45:38.9078011Z Preparing to unpack .../144-libmjpegutils-2.1-0t64_1%3a2.1.0+debian-8.1build1_amd64.deb ...
2025-10-05T00:45:38.9087412Z Unpacking libmjpegutils-2.1-0t64:amd64 (1:2.1.0+debian-8.1build1) ...
2025-10-05T00:45:38.9308717Z Selecting previously unselected package libmodplug1:amd64.
2025-10-05T00:45:38.9427079Z Preparing to unpack .../145-libmodplug1_1%3a0.8.9.0-3build1_amd64.deb ...
2025-10-05T00:45:38.9437241Z Unpacking libmodplug1:amd64 (1:0.8.9.0-3build1) ...
2025-10-05T00:45:38.9672938Z Selecting previously unselected package libmpcdec6:amd64.
2025-10-05T00:45:38.9792047Z Preparing to unpack .../146-libmpcdec6_2%3a0.1~r495-2build1_amd64.deb ...
2025-10-05T00:45:38.9805643Z Unpacking libmpcdec6:amd64 (2:0.1~r495-2build1) ...
2025-10-05T00:45:39.0006245Z Selecting previously unselected package libmpeg2encpp-2.1-0t64:amd64.
2025-10-05T00:45:39.0123583Z Preparing to unpack .../147-libmpeg2encpp-2.1-0t64_1%3a2.1.0+debian-8.1build1_amd64.deb ...
2025-10-05T00:45:39.0135476Z Unpacking libmpeg2encpp-2.1-0t64:amd64 (1:2.1.0+debian-8.1build1) ...
2025-10-05T00:45:39.0341187Z Selecting previously unselected package libmplex2-2.1-0t64:amd64.
2025-10-05T00:45:39.0460083Z Preparing to unpack .../148-libmplex2-2.1-0t64_1%3a2.1.0+debian-8.1build1_amd64.deb ...
2025-10-05T00:45:39.0468011Z Unpacking libmplex2-2.1-0t64:amd64 (1:2.1.0+debian-8.1build1) ...
2025-10-05T00:45:39.0685473Z Selecting previously unselected package libneon27t64:amd64.
2025-10-05T00:45:39.0801777Z Preparing to unpack .../149-libneon27t64_0.33.0-1.1build3_amd64.deb ...
2025-10-05T00:45:39.0811659Z Unpacking libneon27t64:amd64 (0.33.0-1.1build3) ...
2025-10-05T00:45:39.1049156Z Selecting previously unselected package libnice10:amd64.
2025-10-05T00:45:39.1165462Z Preparing to unpack .../150-libnice10_0.1.21-2build3_amd64.deb ...
2025-10-05T00:45:39.1178025Z Unpacking libnice10:amd64 (0.1.21-2build3) ...
2025-10-05T00:45:39.1404255Z Selecting previously unselected package libopenal-data.
2025-10-05T00:45:39.1523279Z Preparing to unpack .../151-libopenal-data_1%3a1.23.1-4build1_all.deb ...
2025-10-05T00:45:39.1531750Z Unpacking libopenal-data (1:1.23.1-4build1) ...
2025-10-05T00:45:39.1764217Z Selecting previously unselected package libopenexr-3-1-30:amd64.
2025-10-05T00:45:39.1881450Z Preparing to unpack .../152-libopenexr-3-1-30_3.1.5-5.1build3_amd64.deb ...
2025-10-05T00:45:39.1889423Z Unpacking libopenexr-3-1-30:amd64 (3.1.5-5.1build3) ...
2025-10-05T00:45:39.2265813Z Selecting previously unselected package libopenh264-7:amd64.
2025-10-05T00:45:39.2386696Z Preparing to unpack .../153-libopenh264-7_2.4.1+dfsg-1_amd64.deb ...
2025-10-05T00:45:39.2397258Z Unpacking libopenh264-7:amd64 (2.4.1+dfsg-1) ...
2025-10-05T00:45:39.2677013Z Selecting previously unselected package libopenni2-0:amd64.
2025-10-05T00:45:39.2797577Z Preparing to unpack .../154-libopenni2-0_2.2.0.33+dfsg-18_amd64.deb ...
2025-10-05T00:45:39.2829304Z Unpacking libopenni2-0:amd64 (2.2.0.33+dfsg-18) ...
2025-10-05T00:45:39.3107202Z Selecting previously unselected package libqrencode4:amd64.
2025-10-05T00:45:39.3230718Z Preparing to unpack .../155-libqrencode4_4.1.1-1build2_amd64.deb ...
2025-10-05T00:45:39.3241197Z Unpacking libqrencode4:amd64 (4.1.1-1build2) ...
2025-10-05T00:45:39.3442090Z Selecting previously unselected package libsecret-common.
2025-10-05T00:45:39.3563024Z Preparing to unpack .../156-libsecret-common_0.21.4-1build3_all.deb ...
2025-10-05T00:45:39.3571001Z Unpacking libsecret-common (0.21.4-1build3) ...
2025-10-05T00:45:39.3775055Z Selecting previously unselected package libsecret-1-0:amd64.
2025-10-05T00:45:39.3894448Z Preparing to unpack .../157-libsecret-1-0_0.21.4-1build3_amd64.deb ...
2025-10-05T00:45:39.3903204Z Unpacking libsecret-1-0:amd64 (0.21.4-1build3) ...
2025-10-05T00:45:39.4136798Z Selecting previously unselected package libsndio7.0:amd64.
2025-10-05T00:45:39.4257765Z Preparing to unpack .../158-libsndio7.0_1.9.0-0.3build3_amd64.deb ...
2025-10-05T00:45:39.4270959Z Unpacking libsndio7.0:amd64 (1.9.0-0.3build3) ...
2025-10-05T00:45:39.4497865Z Selecting previously unselected package libsoundtouch1:amd64.
2025-10-05T00:45:39.4617963Z Preparing to unpack .../159-libsoundtouch1_2.3.2+ds1-1build1_amd64.deb ...
2025-10-05T00:45:39.4626354Z Unpacking libsoundtouch1:amd64 (2.3.2+ds1-1build1) ...
2025-10-05T00:45:39.4844744Z Selecting previously unselected package libspandsp2t64:amd64.
2025-10-05T00:45:39.4962329Z Preparing to unpack .../160-libspandsp2t64_0.0.6+dfsg-2.1build1_amd64.deb ...
2025-10-05T00:45:39.4970501Z Unpacking libspandsp2t64:amd64 (0.0.6+dfsg-2.1build1) ...
2025-10-05T00:45:39.5227384Z Selecting previously unselected package libsrtp2-1:amd64.
2025-10-05T00:45:39.5348906Z Preparing to unpack .../161-libsrtp2-1_2.5.0-3build1_amd64.deb ...
2025-10-05T00:45:39.5357509Z Unpacking libsrtp2-1:amd64 (2.5.0-3build1) ...
2025-10-05T00:45:39.5580510Z Selecting previously unselected package libwildmidi2:amd64.
2025-10-05T00:45:39.5703001Z Preparing to unpack .../162-libwildmidi2_0.4.3-1build3_amd64.deb ...
2025-10-05T00:45:39.5711889Z Unpacking libwildmidi2:amd64 (0.4.3-1build3) ...
2025-10-05T00:45:39.5934198Z Selecting previously unselected package libwoff1:amd64.
2025-10-05T00:45:39.6058890Z Preparing to unpack .../163-libwoff1_1.0.2-2build1_amd64.deb ...
2025-10-05T00:45:39.6070521Z Unpacking libwoff1:amd64 (1.0.2-2build1) ...
2025-10-05T00:45:39.6300825Z Selecting previously unselected package libxcb-xkb1:amd64.
2025-10-05T00:45:39.6422227Z Preparing to unpack .../164-libxcb-xkb1_1.15-1ubuntu2_amd64.deb ...
2025-10-05T00:45:39.6430234Z Unpacking libxcb-xkb1:amd64 (1.15-1ubuntu2) ...
2025-10-05T00:45:39.6768483Z Selecting previously unselected package libxkbcommon-x11-0:amd64.
2025-10-05T00:45:39.6894753Z Preparing to unpack .../165-libxkbcommon-x11-0_1.6.0-1build1_amd64.deb ...
2025-10-05T00:45:39.6904488Z Unpacking libxkbcommon-x11-0:amd64 (1.6.0-1build1) ...
2025-10-05T00:45:39.7108623Z Selecting previously unselected package libzbar0t64:amd64.
2025-10-05T00:45:39.7227397Z Preparing to unpack .../166-libzbar0t64_0.23.93-4build3_amd64.deb ...
2025-10-05T00:45:39.7235899Z Unpacking libzbar0t64:amd64 (0.23.93-4build3) ...
2025-10-05T00:45:39.7455980Z Selecting previously unselected package libzxing3:amd64.
2025-10-05T00:45:39.7574048Z Preparing to unpack .../167-libzxing3_2.2.1-3_amd64.deb ...
2025-10-05T00:45:39.7582991Z Unpacking libzxing3:amd64 (2.2.1-3) ...
2025-10-05T00:45:39.7835836Z Selecting previously unselected package xfonts-encodings.
2025-10-05T00:45:39.7952854Z Preparing to unpack .../168-xfonts-encodings_1%3a1.0.5-0ubuntu2_all.deb ...
2025-10-05T00:45:39.7963680Z Unpacking xfonts-encodings (1:1.0.5-0ubuntu2) ...
2025-10-05T00:45:39.8254902Z Selecting previously unselected package xfonts-utils.
2025-10-05T00:45:39.8372959Z Preparing to unpack .../169-xfonts-utils_1%3a7.7+6build3_amd64.deb ...
2025-10-05T00:45:39.8381163Z Unpacking xfonts-utils (1:7.7+6build3) ...
2025-10-05T00:45:39.9600179Z Selecting previously unselected package xfonts-cyrillic.
2025-10-05T00:45:39.9720266Z Preparing to unpack .../170-xfonts-cyrillic_1%3a1.0.5+nmu1_all.deb ...
2025-10-05T00:45:39.9730619Z Unpacking xfonts-cyrillic (1:1.0.5+nmu1) ...
2025-10-05T00:45:40.0112822Z Selecting previously unselected package xfonts-scalable.
2025-10-05T00:45:40.0231373Z Preparing to unpack .../171-xfonts-scalable_1%3a1.0.3-1.3_all.deb ...
2025-10-05T00:45:40.0241240Z Unpacking xfonts-scalable (1:1.0.3-1.3) ...
2025-10-05T00:45:40.0477303Z Selecting previously unselected package libgstreamer-plugins-bad1.0-0:amd64.
2025-10-05T00:45:40.0596522Z Preparing to unpack .../172-libgstreamer-plugins-bad1.0-0_1.24.2-1ubuntu4_amd64.deb ...
2025-10-05T00:45:40.0606371Z Unpacking libgstreamer-plugins-bad1.0-0:amd64 (1.24.2-1ubuntu4) ...
2025-10-05T00:45:40.0998308Z Selecting previously unselected package libdca0:amd64.
2025-10-05T00:45:40.1117985Z Preparing to unpack .../173-libdca0_0.0.7-2build1_amd64.deb ...
2025-10-05T00:45:40.1129455Z Unpacking libdca0:amd64 (0.0.7-2build1) ...
2025-10-05T00:45:40.1355790Z Selecting previously unselected package libopenal1:amd64.
2025-10-05T00:45:40.1475950Z Preparing to unpack .../174-libopenal1_1%3a1.23.1-4build1_amd64.deb ...
2025-10-05T00:45:40.1485262Z Unpacking libopenal1:amd64 (1:1.23.1-4build1) ...
2025-10-05T00:45:40.1753520Z Selecting previously unselected package libsbc1:amd64.
2025-10-05T00:45:40.1872144Z Preparing to unpack .../175-libsbc1_2.0-1build1_amd64.deb ...
2025-10-05T00:45:40.1880997Z Unpacking libsbc1:amd64 (2.0-1build1) ...
2025-10-05T00:45:40.2097109Z Selecting previously unselected package libvo-aacenc0:amd64.
2025-10-05T00:45:40.2215614Z Preparing to unpack .../176-libvo-aacenc0_0.1.3-2build1_amd64.deb ...
2025-10-05T00:45:40.2223917Z Unpacking libvo-aacenc0:amd64 (0.1.3-2build1) ...
2025-10-05T00:45:40.2444270Z Selecting previously unselected package libvo-amrwbenc0:amd64.
2025-10-05T00:45:40.2565532Z Preparing to unpack .../177-libvo-amrwbenc0_0.1.3-2build1_amd64.deb ...
2025-10-05T00:45:40.2574531Z Unpacking libvo-amrwbenc0:amd64 (0.1.3-2build1) ...
2025-10-05T00:45:40.2801131Z Selecting previously unselected package gstreamer1.0-plugins-bad:amd64.
2025-10-05T00:45:40.2922908Z Preparing to unpack .../178-gstreamer1.0-plugins-bad_1.24.2-1ubuntu4_amd64.deb ...
2025-10-05T00:45:40.2942276Z Unpacking gstreamer1.0-plugins-bad:amd64 (1.24.2-1ubuntu4) ...
2025-10-05T00:45:40.5814335Z Setting up libgme0:amd64 (0.6.3-7build1) ...
2025-10-05T00:45:40.5889871Z Setting up libchromaprint1:amd64 (1.5.1-5) ...
2025-10-05T00:45:40.5912401Z Setting up libssh-gcrypt-4:amd64 (0.10.6-2ubuntu0.1) ...
2025-10-05T00:45:40.5936227Z Setting up libhwy1t64:amd64 (1.0.7-8.1build1) ...
2025-10-05T00:45:40.5957573Z Setting up libcairo-script-interpreter2:amd64 (1.18.0-3build1) ...
2025-10-05T00:45:40.5980405Z Setting up libfreeaptx0:amd64 (0.1.1-2build1) ...
2025-10-05T00:45:40.6003581Z Setting up libdvdread8t64:amd64 (6.1.3-1.1build1) ...
2025-10-05T00:45:40.6024196Z Setting up libudfread0:amd64 (1.1.2-1build1) ...
2025-10-05T00:45:40.6048177Z Setting up libmodplug1:amd64 (1:0.8.9.0-3build1) ...
2025-10-05T00:45:40.6072234Z Setting up libcdparanoia0:amd64 (3.10.2+debian-14build3) ...
2025-10-05T00:45:40.6092922Z Setting up libvo-amrwbenc0:amd64 (0.1.3-2build1) ...
2025-10-05T00:45:40.6118262Z Setting up session-migration (0.3.9build1) ...
2025-10-05T00:45:40.7357516Z Created symlink /etc/systemd/user/graphical-session-pre.target.wants/session-migration.service → /usr/lib/systemd/user/session-migration.service.
2025-10-05T00:45:40.7358527Z 
2025-10-05T00:45:40.7384978Z Setting up libraw1394-11:amd64 (2.1.2-2build3) ...
2025-10-05T00:45:40.7411019Z Setting up libsbc1:amd64 (2.0-1build1) ...
2025-10-05T00:45:40.7439530Z Setting up libproxy1v5:amd64 (0.5.4-4build1) ...
2025-10-05T00:45:40.7465097Z Setting up libneon27t64:amd64 (0.33.0-1.1build3) ...
2025-10-05T00:45:40.7489458Z Setting up libtag1v5-vanilla:amd64 (1.13.1-1build1) ...
2025-10-05T00:45:40.7514501Z Setting up libharfbuzz-icu0:amd64 (8.3.0-2build2) ...
2025-10-05T00:45:40.7536270Z Setting up libopenni2-0:amd64 (2.2.0.33+dfsg-18) ...
2025-10-05T00:45:40.7805144Z Setting up libspeex1:amd64 (1.2.1-2ubuntu2.24.04.1) ...
2025-10-05T00:45:40.7832198Z Setting up libshine3:amd64 (3.1.1-2build1) ...
2025-10-05T00:45:40.7854746Z Setting up libcaca0:amd64 (0.99.beta20-4build2) ...
2025-10-05T00:45:40.7885496Z Setting up libvpl2 (2023.3.0-1build1) ...
2025-10-05T00:45:40.7908786Z Setting up libv4lconvert0t64:amd64 (1.26.1-4build3) ...
2025-10-05T00:45:40.7932353Z Setting up libx264-164:amd64 (2:0.164.3108+git31e19f9-1) ...
2025-10-05T00:45:40.7959466Z Setting up libtwolame0:amd64 (0.4.0-2build3) ...
2025-10-05T00:45:40.7981084Z Setting up libmbedcrypto7t64:amd64 (2.28.8-1) ...
2025-10-05T00:45:40.8004217Z Setting up libwoff1:amd64 (1.0.2-2build1) ...
2025-10-05T00:45:40.8038409Z Setting up liblc3-1:amd64 (1.0.4-3build1) ...
2025-10-05T00:45:40.8064217Z Setting up libqrencode4:amd64 (4.1.1-1build2) ...
2025-10-05T00:45:40.8092502Z Setting up libhyphen0:amd64 (2.8.8-7build3) ...
2025-10-05T00:45:40.8123264Z Setting up libgsm1:amd64 (1.0.22-1build1) ...
2025-10-05T00:45:40.8148131Z Setting up libvisual-0.4-0:amd64 (0.4.2-2build1) ...
2025-10-05T00:45:40.8173674Z Setting up libsoxr0:amd64 (0.1.3-4build3) ...
2025-10-05T00:45:40.8199166Z Setting up libzix-0-0:amd64 (0.4.2-2build1) ...
2025-10-05T00:45:40.8220882Z Setting up libcodec2-1.2:amd64 (1.2.0-2build1) ...
2025-10-05T00:45:40.8277056Z Setting up libmanette-0.2-0:amd64 (0.2.7-1build2) ...
2025-10-05T00:45:40.8300789Z Setting up libsrtp2-1:amd64 (2.5.0-3build1) ...
2025-10-05T00:45:40.8333199Z Setting up libmysofa1:amd64 (1.3.2+dfsg-2ubuntu2) ...
2025-10-05T00:45:40.8356425Z Setting up libraptor2-0:amd64 (2.0.16-3ubuntu0.1) ...
2025-10-05T00:45:40.8385116Z Setting up libldacbt-enc2:amd64 (2.0.2.3+git20200429+ed310a0-4ubuntu2) ...
2025-10-05T00:45:40.8408411Z Setting up fonts-wqy-zenhei (0.9.45-8) ...
2025-10-05T00:45:40.8548298Z Setting up libwebrtc-audio-processing1:amd64 (0.3.1-0ubuntu6) ...
2025-10-05T00:45:40.8577459Z Setting up fonts-freefont-ttf (20211204+svn4273-2) ...
2025-10-05T00:45:40.8601431Z Setting up libevent-2.1-7t64:amd64 (2.1.12-stable-9ubuntu2) ...
2025-10-05T00:45:40.8623468Z Setting up libsvtav1enc1d1:amd64 (1.7.0+dfsg-2build1) ...
2025-10-05T00:45:40.8647538Z Setting up libsoup-3.0-common (3.4.4-5ubuntu0.5) ...
2025-10-05T00:45:40.8669167Z Setting up libmpg123-0t64:amd64 (1.32.5-1ubuntu1.1) ...
2025-10-05T00:45:40.8689200Z Setting up libcjson1:amd64 (1.7.17-1) ...
2025-10-05T00:45:40.8711530Z Setting up libxvidcore4:amd64 (2:1.3.7-1build1) ...
2025-10-05T00:45:40.8738064Z Setting up libmpcdec6:amd64 (2:0.1~r495-2build1) ...
2025-10-05T00:45:40.8758826Z Setting up libmjpegutils-2.1-0t64:amd64 (1:2.1.0+debian-8.1build1) ...
2025-10-05T00:45:40.8789102Z Setting up librav1e0:amd64 (0.7.1-2) ...
2025-10-05T00:45:40.8813846Z Setting up liborc-0.4-0t64:amd64 (1:0.4.38-1ubuntu0.1) ...
2025-10-05T00:45:40.8838505Z Setting up libxcb-xkb1:amd64 (1.15-1ubuntu2) ...
2025-10-05T00:45:40.8861293Z Setting up libvo-aacenc0:amd64 (0.1.3-2build1) ...
2025-10-05T00:45:40.8882497Z Setting up librist4:amd64 (0.2.10+dfsg-2) ...
2025-10-05T00:45:40.8905397Z Setting up librsvg2-2:amd64 (2.58.0+dfsg-1build1) ...
2025-10-05T00:45:40.8934530Z Setting up libblas3:amd64 (3.12.0-3build1.1) ...
2025-10-05T00:45:40.8993765Z update-alternatives: using /usr/lib/x86_64-linux-gnu/blas/libblas.so.3 to provide /usr/lib/x86_64-linux-gnu/libblas.so.3 (libblas.so.3-x86_64-linux-gnu) in auto mode
2025-10-05T00:45:40.9010929Z Setting up libegl-mesa0:amd64 (25.0.7-0ubuntu0.24.04.2) ...
2025-10-05T00:45:40.9035958Z Setting up libsoundtouch1:amd64 (2.3.2+ds1-1build1) ...
2025-10-05T00:45:40.9059271Z Setting up libplacebo338:amd64 (6.338.2-2build1) ...
2025-10-05T00:45:40.9089015Z Setting up libgles2:amd64 (1.7.0-1build1) ...
2025-10-05T00:45:40.9114717Z Setting up fonts-tlwg-loma-otf (1:0.7.3-1) ...
2025-10-05T00:45:40.9134081Z Setting up libva2:amd64 (2.20.0-2build1) ...
2025-10-05T00:45:40.9161381Z Setting up libspa-0.2-modules:amd64 (1.0.5-1ubuntu3.1) ...
2025-10-05T00:45:40.9188903Z Setting up libzxing3:amd64 (2.2.1-3) ...
2025-10-05T00:45:40.9215536Z Setting up xfonts-encodings (1:1.0.5-0ubuntu2) ...
2025-10-05T00:45:40.9234975Z Setting up libopus0:amd64 (1.4-1build1) ...
2025-10-05T00:45:40.9262956Z Setting up libfaad2:amd64 (2.11.1-1build1) ...
2025-10-05T00:45:40.9287028Z Setting up libxkbcommon-x11-0:amd64 (1.6.0-1build1) ...
2025-10-05T00:45:40.9312211Z Setting up libdc1394-25:amd64 (2.2.6-4build1) ...
2025-10-05T00:45:40.9341823Z Setting up libimath-3-1-29t64:amd64 (3.1.9-3.1ubuntu2) ...
2025-10-05T00:45:40.9427577Z Setting up libunibreak5:amd64 (5.1-2build1) ...
2025-10-05T00:45:40.9452385Z Setting up libdv4t64:amd64 (1.0.0-17.1build1) ...
2025-10-05T00:45:40.9481412Z Setting up libjxl0.7:amd64 (0.7.0-10.2ubuntu6.1) ...
2025-10-05T00:45:40.9506704Z Setting up libopenh264-7:amd64 (2.4.1+dfsg-1) ...
2025-10-05T00:45:40.9540896Z Setting up libltc11:amd64 (1.3.2-1build1) ...
2025-10-05T00:45:40.9569220Z Setting up libx265-199:amd64 (3.5-2build1) ...
2025-10-05T00:45:40.9594898Z Setting up libv4l-0t64:amd64 (1.26.1-4build3) ...
2025-10-05T00:45:40.9617615Z Setting up libavtp0:amd64 (0.2.0-1build1) ...
2025-10-05T00:45:40.9648115Z Setting up libsndio7.0:amd64 (1.9.0-0.3build3) ...
2025-10-05T00:45:40.9673238Z Setting up libdirectfb-1.7-7t64:amd64 (1.7.7-11.1ubuntu2) ...
2025-10-05T00:45:40.9814130Z Setting up libspandsp2t64:amd64 (0.0.6+dfsg-2.1build1) ...
2025-10-05T00:45:40.9839420Z Setting up libvidstab1.1:amd64 (1.1.0-2build1) ...
2025-10-05T00:45:40.9869131Z Setting up libvpx9:amd64 (1.14.0-1ubuntu2.2) ...
2025-10-05T00:45:40.9890271Z Setting up libsrt1.5-gnutls:amd64 (1.5.3-1build2) ...
2025-10-05T00:45:40.9916917Z Setting up libtag1v5:amd64 (1.13.1-1build1) ...
2025-10-05T00:45:40.9938376Z Setting up libflite1:amd64 (2.2-6build3) ...
2025-10-05T00:45:40.9960242Z Setting up libdav1d7:amd64 (1.4.1-1build1) ...
2025-10-05T00:45:40.9985480Z Setting up libva-drm2:amd64 (2.20.0-2build1) ...
2025-10-05T00:45:41.0011088Z Setting up fonts-ipafont-gothic (00303-21ubuntu1) ...
2025-10-05T00:45:41.0081205Z update-alternatives: using /usr/share/fonts/opentype/ipafont-gothic/ipag.ttf to provide /usr/share/fonts/truetype/fonts-japanese-gothic.ttf (fonts-japanese-gothic.ttf) in auto mode
2025-10-05T00:45:41.0099922Z Setting up ocl-icd-libopencl1:amd64 (2.3.2-1build1) ...
2025-10-05T00:45:41.0151703Z Setting up libasyncns0:amd64 (0.8-6build4) ...
2025-10-05T00:45:41.0177263Z Setting up libwildmidi2:amd64 (0.4.3-1build3) ...
2025-10-05T00:45:41.0204773Z Setting up libvdpau1:amd64 (1.5-2build1) ...
2025-10-05T00:45:41.0237260Z Setting up libwavpack1:amd64 (5.6.0-1build1) ...
2025-10-05T00:45:41.0271721Z Setting up libbs2b0:amd64 (3.1.0+dfsg-7build1) ...
2025-10-05T00:45:41.0297519Z Setting up libtheora0:amd64 (1.1.1+dfsg.1-16.1build3) ...
2025-10-05T00:45:41.0323313Z Setting up libegl1:amd64 (1.7.0-1build1) ...
2025-10-05T00:45:41.0349801Z Setting up libdecor-0-0:amd64 (0.2.2-1build2) ...
2025-10-05T00:45:41.0378961Z Setting up libdca0:amd64 (0.0.7-2build1) ...
2025-10-05T00:45:41.0405346Z Setting up libzimg2:amd64 (3.0.5+ds1-1build1) ...
2025-10-05T00:45:41.0432379Z Setting up libopenal-data (1:1.23.1-4build1) ...
2025-10-05T00:45:41.0464210Z Setting up libabsl20220623t64:amd64 (20220623.1-3.1ubuntu3.2) ...
2025-10-05T00:45:41.0786706Z Setting up libflac12t64:amd64 (1.4.3+ds-2.1ubuntu2) ...
2025-10-05T00:45:41.0878828Z Setting up libgtk-4-common (4.14.5+ds-0ubuntu0.5) ...
2025-10-05T00:45:41.0903960Z Setting up libmpeg2encpp-2.1-0t64:amd64 (1:2.1.0+debian-8.1build1) ...
2025-10-05T00:45:41.0931083Z Setting up glib-networking-common (2.80.0-1build1) ...
2025-10-05T00:45:41.0953356Z Setting up libmfx1:amd64 (22.5.4-1) ...
2025-10-05T00:45:41.0980100Z Setting up libbluray2:amd64 (1:1.3.4-1build1) ...
2025-10-05T00:45:41.1008380Z Setting up libsamplerate0:amd64 (0.2.2-4build1) ...
2025-10-05T00:45:41.1034272Z Setting up timgm6mb-soundfont (1.3-5) ...
2025-10-05T00:45:41.1119220Z update-alternatives: using /usr/share/sounds/sf2/TimGM6mb.sf2 to provide /usr/share/sounds/sf2/default-GM.sf2 (default-GM.sf2) in auto mode
2025-10-05T00:45:41.1165283Z update-alternatives: using /usr/share/sounds/sf2/TimGM6mb.sf2 to provide /usr/share/sounds/sf3/default-GM.sf3 (default-GM.sf3) in auto mode
2025-10-05T00:45:41.1182416Z Setting up libva-x11-2:amd64 (2.20.0-2build1) ...
2025-10-05T00:45:41.1206287Z Setting up libyuv0:amd64 (0.0~git202401110.af6ac82-1) ...
2025-10-05T00:45:41.1234376Z Setting up libmplex2-2.1-0t64:amd64 (1:2.1.0+debian-8.1build1) ...
2025-10-05T00:45:41.1263836Z Setting up libpipewire-0.3-0t64:amd64 (1.0.5-1ubuntu3.1) ...
2025-10-05T00:45:41.1349654Z Setting up libopenmpt0t64:amd64 (0.7.3-1.1build3) ...
2025-10-05T00:45:41.1374370Z Setting up libzvbi-common (0.2.42-2) ...
2025-10-05T00:45:41.1398921Z Setting up libsecret-common (0.21.4-1build3) ...
2025-10-05T00:45:41.1422422Z Setting up libmp3lame0:amd64 (3.100-6build1) ...
2025-10-05T00:45:41.1451576Z Setting up libgraphene-1.0-0:amd64 (1.10.8-3build2) ...
2025-10-05T00:45:41.1480015Z Setting up libvorbisenc2:amd64 (1.3.7-1build3) ...
2025-10-05T00:45:41.1504929Z Setting up libdvdnav4:amd64 (6.1.1-3build1) ...
2025-10-05T00:45:41.1530067Z Setting up fonts-unifont (1:15.1.01-1build1) ...
2025-10-05T00:45:41.1555257Z Setting up libaa1:amd64 (1.4p5-51.1) ...
2025-10-05T00:45:41.1584149Z Setting up libiec61883-0:amd64 (1.2.0-6build1) ...
2025-10-05T00:45:41.1611695Z Setting up libserd-0-0:amd64 (0.32.2-1) ...
2025-10-05T00:45:41.1637963Z Setting up libavc1394-0:amd64 (0.5.4-5build3) ...
2025-10-05T00:45:41.1668534Z Setting up gsettings-desktop-schemas (46.1-0ubuntu1) ...
2025-10-05T00:45:41.1699876Z Setting up glib-networking-services (2.80.0-1build1) ...
2025-10-05T00:45:41.1727807Z Setting up liblapack3:amd64 (3.12.0-3build1.1) ...
2025-10-05T00:45:41.1790200Z update-alternatives: using /usr/lib/x86_64-linux-gnu/lapack/liblapack.so.3 to provide /usr/lib/x86_64-linux-gnu/liblapack.so.3 (liblapack.so.3-x86_64-linux-gnu) in auto mode
2025-10-05T00:45:41.1807270Z Setting up libzvbi0t64:amd64 (0.2.42-2) ...
2025-10-05T00:45:41.1828263Z Setting up liblrdf0:amd64 (0.6.1-4build1) ...
2025-10-05T00:45:41.1859170Z Setting up libzbar0t64:amd64 (0.23.93-4build3) ...
2025-10-05T00:45:41.1885183Z Setting up libgstreamer-plugins-base1.0-0:amd64 (1.24.2-1ubuntu0.3) ...
2025-10-05T00:45:41.1906015Z Setting up libavutil58:amd64 (7:6.1.1-3ubuntu5) ...
2025-10-05T00:45:41.1940291Z Setting up libopenal1:amd64 (1:1.23.1-4build1) ...
2025-10-05T00:45:41.1963125Z Setting up xfonts-utils (1:7.7+6build3) ...
2025-10-05T00:45:41.2005867Z Setting up libsecret-1-0:amd64 (0.21.4-1build3) ...
2025-10-05T00:45:41.2036994Z Setting up libgstreamer-plugins-good1.0-0:amd64 (1.24.2-1ubuntu1.2) ...
2025-10-05T00:45:41.2057985Z Setting up libgstreamer-gl1.0-0:amd64 (1.24.2-1ubuntu0.3) ...
2025-10-05T00:45:41.2081794Z Setting up gstreamer1.0-plugins-base:amd64 (1.24.2-1ubuntu0.3) ...
2025-10-05T00:45:41.2107625Z Setting up libass9:amd64 (1:0.17.1-2build1) ...
2025-10-05T00:45:41.2130478Z Setting up libswresample4:amd64 (7:6.1.1-3ubuntu5) ...
2025-10-05T00:45:41.2155084Z Setting up libopenexr-3-1-30:amd64 (3.1.5-5.1build3) ...
2025-10-05T00:45:41.2175439Z Setting up libshout3:amd64 (2.4.6-1build2) ...
2025-10-05T00:45:41.2196234Z Setting up libgav1-1:amd64 (0.18.0-1build3) ...
2025-10-05T00:45:41.2223593Z Setting up libavcodec60:amd64 (7:6.1.1-3ubuntu5) ...
2025-10-05T00:45:41.2245614Z Setting up librubberband2:amd64 (3.3.0+dfsg-2build1) ...
2025-10-05T00:45:41.2268389Z Setting up libjack-jackd2-0:amd64 (1.9.21~dfsg-3ubuntu3) ...
2025-10-05T00:45:41.2290016Z Setting up libsord-0-0:amd64 (0.16.16-2build1) ...
2025-10-05T00:45:41.2310067Z Setting up xfonts-cyrillic (1:1.0.5+nmu1) ...
2025-10-05T00:45:41.2886659Z Setting up libpostproc57:amd64 (7:6.1.1-3ubuntu5) ...
2025-10-05T00:45:41.2914754Z Setting up libsratom-0-0:amd64 (0.6.16-1build1) ...
2025-10-05T00:45:41.2940622Z Setting up libsndfile1:amd64 (1.2.2-1ubuntu5.24.04.1) ...
2025-10-05T00:45:41.2967329Z Setting up liblilv-0-0:amd64 (0.24.22-1build1) ...
2025-10-05T00:45:41.2990642Z Setting up libinstpatch-1.0-2:amd64 (1.1.6-1build2) ...
2025-10-05T00:45:41.3016955Z Setting up xfonts-scalable (1:1.0.3-1.3) ...
2025-10-05T00:45:41.3324567Z Setting up libswscale7:amd64 (7:6.1.1-3ubuntu5) ...
2025-10-05T00:45:41.3350180Z Setting up libavif16:amd64 (1.0.4-1ubuntu3) ...
2025-10-05T00:45:41.3381283Z Setting up libpulse0:amd64 (1:16.1+dfsg1-2ubuntu10.1) ...
2025-10-05T00:45:41.3460548Z Setting up libavformat60:amd64 (7:6.1.1-3ubuntu5) ...
2025-10-05T00:45:41.3483463Z Setting up libsphinxbase3t64:amd64 (0.8+5prealpha+1-17build2) ...
2025-10-05T00:45:41.3633119Z Setting up libsdl2-2.0-0:amd64 (2.30.0+dfsg-1ubuntu3.1) ...
2025-10-05T00:45:41.3662982Z Setting up libfluidsynth3:amd64 (2.3.4-1build3) ...
2025-10-05T00:45:41.3689595Z Setting up libpocketsphinx3:amd64 (0.8.0+real5prealpha+1-15ubuntu5) ...
2025-10-05T00:45:41.3723851Z Setting up libavfilter9:amd64 (7:6.1.1-3ubuntu5) ...
2025-10-05T00:45:41.3745901Z Setting up gstreamer1.0-libav:amd64 (1.24.1-1build1) ...
2025-10-05T00:45:41.4000153Z Processing triggers for fontconfig (2.15.0-1.1ubuntu2) ...
2025-10-05T00:45:41.6992137Z Processing triggers for libc-bin (2.39-0ubuntu8.6) ...
2025-10-05T00:45:41.7929312Z Processing triggers for man-db (2.12.0-4build2) ...
2025-10-05T00:46:57.9963015Z Processing triggers for libglib2.0-0t64:amd64 (2.80.0-6ubuntu3.4) ...
2025-10-05T00:46:58.0440517Z Setting up libgtk-4-1:amd64 (4.14.5+ds-0ubuntu0.5) ...
2025-10-05T00:46:58.3944053Z Setting up glib-networking:amd64 (2.80.0-1build1) ...
2025-10-05T00:46:58.3982337Z Setting up libsoup-3.0-0:amd64 (3.4.4-5ubuntu0.5) ...
2025-10-05T00:46:58.4015118Z Setting up libgssdp-1.6-0:amd64 (1.6.3-1build3) ...
2025-10-05T00:46:58.4087378Z Setting up gstreamer1.0-plugins-good:amd64 (1.24.2-1ubuntu1.2) ...
2025-10-05T00:46:58.4116486Z Setting up libgupnp-1.6-0:amd64 (1.6.6-1build3) ...
2025-10-05T00:46:58.4180546Z Setting up libgupnp-igd-1.6-0:amd64 (1.6.0-3build3) ...
2025-10-05T00:46:58.4221785Z Setting up libnice10:amd64 (0.1.21-2build3) ...
2025-10-05T00:46:58.4275200Z Setting up libgstreamer-plugins-bad1.0-0:amd64 (1.24.2-1ubuntu4) ...
2025-10-05T00:46:58.4319260Z Setting up gstreamer1.0-plugins-bad:amd64 (1.24.2-1ubuntu4) ...
2025-10-05T00:46:58.4346865Z Processing triggers for libc-bin (2.39-0ubuntu8.6) ...
2025-10-05T00:46:59.6652247Z 
2025-10-05T00:46:59.6652892Z Running kernel seems to be up-to-date.
2025-10-05T00:46:59.6653260Z 
2025-10-05T00:46:59.6653446Z Restarting services...
2025-10-05T00:46:59.6724484Z 
2025-10-05T00:46:59.6724845Z Service restarts being deferred:
2025-10-05T00:46:59.6727565Z  systemctl restart hosted-compute-agent.service
2025-10-05T00:46:59.6728277Z 
2025-10-05T00:46:59.6728522Z No containers need to be restarted.
2025-10-05T00:46:59.6728704Z 
2025-10-05T00:46:59.6728870Z No user sessions are running outdated binaries.
2025-10-05T00:46:59.6729054Z 
2025-10-05T00:46:59.6729339Z No VM guests are running outdated hypervisor (qemu) binaries on this host.
2025-10-05T00:47:00.5367655Z Downloading Chromium 140.0.7339.186 (playwright build v1193) from https://cdn.playwright.dev/dbazure/download/playwright/builds/chromium/1193/chromium-linux.zip
2025-10-05T00:47:00.7005001Z |                                                                                |   0% of 173.8 MiB
2025-10-05T00:47:01.0602443Z |■■■■■■■■                                                                        |  10% of 173.8 MiB
2025-10-05T00:47:01.6963168Z |■■■■■■■■■■■■■■■■                                                                |  20% of 173.8 MiB
2025-10-05T00:47:02.1591966Z |■■■■■■■■■■■■■■■■■■■■■■■■                                                        |  30% of 173.8 MiB
2025-10-05T00:47:02.6193606Z |■■■■■■■■■■■■■■■■■■■■■■■■■■■■■■■■                                                |  40% of 173.8 MiB
2025-10-05T00:47:03.1621555Z |■■■■■■■■■■■■■■■■■■■■■■■■■■■■■■■■■■■■■■■■                                        |  50% of 173.8 MiB
2025-10-05T00:47:03.7251062Z |■■■■■■■■■■■■■■■■■■■■■■■■■■■■■■■■■■■■■■■■■■■■■■■■                                |  60% of 173.8 MiB
2025-10-05T00:47:04.5440287Z |■■■■■■■■■■■■■■■■■■■■■■■■■■■■■■■■■■■■■■■■■■■■■■■■■■■■■■■■                        |  70% of 173.8 MiB
2025-10-05T00:47:05.1849265Z |■■■■■■■■■■■■■■■■■■■■■■■■■■■■■■■■■■■■■■■■■■■■■■■■■■■■■■■■■■■■■■■■                |  80% of 173.8 MiB
2025-10-05T00:47:05.8111098Z |■■■■■■■■■■■■■■■■■■■■■■■■■■■■■■■■■■■■■■■■■■■■■■■■■■■■■■■■■■■■■■■■■■■■■■■■        |  90% of 173.8 MiB
2025-10-05T00:47:06.3545350Z |■■■■■■■■■■■■■■■■■■■■■■■■■■■■■■■■■■■■■■■■■■■■■■■■■■■■■■■■■■■■■■■■■■■■■■■■■■■■■■■■| 100% of 173.8 MiB
2025-10-05T00:47:10.3628403Z Chromium 140.0.7339.186 (playwright build v1193) downloaded to /home/runner/.cache/ms-playwright/chromium-1193
2025-10-05T00:47:10.3633470Z Downloading Chromium Headless Shell 140.0.7339.186 (playwright build v1193) from https://cdn.playwright.dev/dbazure/download/playwright/builds/chromium/1193/chromium-headless-shell-linux.zip
2025-10-05T00:47:10.6562118Z |                                                                                |   0% of 104.3 MiB
2025-10-05T00:47:10.7645592Z |■■■■■■■■                                                                        |  10% of 104.3 MiB
2025-10-05T00:47:10.8657110Z |■■■■■■■■■■■■■■■■                                                                |  20% of 104.3 MiB
2025-10-05T00:47:10.9387279Z |■■■■■■■■■■■■■■■■■■■■■■■■                                                        |  30% of 104.3 MiB
2025-10-05T00:47:11.0079357Z |■■■■■■■■■■■■■■■■■■■■■■■■■■■■■■■■                                                |  40% of 104.3 MiB
2025-10-05T00:47:11.0634060Z |■■■■■■■■■■■■■■■■■■■■■■■■■■■■■■■■■■■■■■■■                                        |  50% of 104.3 MiB
2025-10-05T00:47:11.1500870Z |■■■■■■■■■■■■■■■■■■■■■■■■■■■■■■■■■■■■■■■■■■■■■■■■                                |  60% of 104.3 MiB
2025-10-05T00:47:11.2051747Z |■■■■■■■■■■■■■■■■■■■■■■■■■■■■■■■■■■■■■■■■■■■■■■■■■■■■■■■■                        |  70% of 104.3 MiB
2025-10-05T00:47:11.2629165Z |■■■■■■■■■■■■■■■■■■■■■■■■■■■■■■■■■■■■■■■■■■■■■■■■■■■■■■■■■■■■■■■■                |  80% of 104.3 MiB
2025-10-05T00:47:11.3272025Z |■■■■■■■■■■■■■■■■■■■■■■■■■■■■■■■■■■■■■■■■■■■■■■■■■■■■■■■■■■■■■■■■■■■■■■■■        |  90% of 104.3 MiB
2025-10-05T00:47:11.3817049Z |■■■■■■■■■■■■■■■■■■■■■■■■■■■■■■■■■■■■■■■■■■■■■■■■■■■■■■■■■■■■■■■■■■■■■■■■■■■■■■■■| 100% of 104.3 MiB
2025-10-05T00:47:13.5222232Z Chromium Headless Shell 140.0.7339.186 (playwright build v1193) downloaded to /home/runner/.cache/ms-playwright/chromium_headless_shell-1193
2025-10-05T00:47:13.5224752Z Downloading Firefox 141.0 (playwright build v1490) from https://cdn.playwright.dev/dbazure/download/playwright/builds/firefox/1490/firefox-ubuntu-24.04.zip
2025-10-05T00:47:13.7082204Z |                                                                                |   0% of 96 MiB
2025-10-05T00:47:13.8092483Z |■■■■■■■■                                                                        |  10% of 96 MiB
2025-10-05T00:47:13.8844809Z |■■■■■■■■■■■■■■■■                                                                |  20% of 96 MiB
2025-10-05T00:47:13.9680703Z |■■■■■■■■■■■■■■■■■■■■■■■■                                                        |  30% of 96 MiB
2025-10-05T00:47:14.0360071Z |■■■■■■■■■■■■■■■■■■■■■■■■■■■■■■■■                                                |  40% of 96 MiB
2025-10-05T00:47:14.0940439Z |■■■■■■■■■■■■■■■■■■■■■■■■■■■■■■■■■■■■■■■■                                        |  50% of 96 MiB
2025-10-05T00:47:14.1638827Z |■■■■■■■■■■■■■■■■■■■■■■■■■■■■■■■■■■■■■■■■■■■■■■■■                                |  60% of 96 MiB
2025-10-05T00:47:14.2205631Z |■■■■■■■■■■■■■■■■■■■■■■■■■■■■■■■■■■■■■■■■■■■■■■■■■■■■■■■■                        |  70% of 96 MiB
2025-10-05T00:47:14.2848983Z |■■■■■■■■■■■■■■■■■■■■■■■■■■■■■■■■■■■■■■■■■■■■■■■■■■■■■■■■■■■■■■■■                |  80% of 96 MiB
2025-10-05T00:47:14.3384430Z |■■■■■■■■■■■■■■■■■■■■■■■■■■■■■■■■■■■■■■■■■■■■■■■■■■■■■■■■■■■■■■■■■■■■■■■■        |  90% of 96 MiB
2025-10-05T00:47:14.3894724Z |■■■■■■■■■■■■■■■■■■■■■■■■■■■■■■■■■■■■■■■■■■■■■■■■■■■■■■■■■■■■■■■■■■■■■■■■■■■■■■■■| 100% of 96 MiB
2025-10-05T00:47:16.3145046Z Firefox 141.0 (playwright build v1490) downloaded to /home/runner/.cache/ms-playwright/firefox-1490
2025-10-05T00:47:16.3147703Z Downloading Webkit 26.0 (playwright build v2203) from https://cdn.playwright.dev/dbazure/download/playwright/builds/webkit/2203/webkit-ubuntu-24.04.zip
2025-10-05T00:47:16.4899214Z |                                                                                |   0% of 94.2 MiB
2025-10-05T00:47:16.5885160Z |■■■■■■■■                                                                        |  10% of 94.2 MiB
2025-10-05T00:47:16.6638371Z |■■■■■■■■■■■■■■■■                                                                |  20% of 94.2 MiB
2025-10-05T00:47:16.7330196Z |■■■■■■■■■■■■■■■■■■■■■■■■                                                        |  30% of 94.2 MiB
2025-10-05T00:47:16.8042317Z |■■■■■■■■■■■■■■■■■■■■■■■■■■■■■■■■                                                |  40% of 94.2 MiB
2025-10-05T00:47:16.8683922Z |■■■■■■■■■■■■■■■■■■■■■■■■■■■■■■■■■■■■■■■■                                        |  50% of 94.2 MiB
2025-10-05T00:47:16.9324579Z |■■■■■■■■■■■■■■■■■■■■■■■■■■■■■■■■■■■■■■■■■■■■■■■■                                |  60% of 94.2 MiB
2025-10-05T00:47:16.9881137Z |■■■■■■■■■■■■■■■■■■■■■■■■■■■■■■■■■■■■■■■■■■■■■■■■■■■■■■■■                        |  70% of 94.2 MiB
2025-10-05T00:47:17.0486956Z |■■■■■■■■■■■■■■■■■■■■■■■■■■■■■■■■■■■■■■■■■■■■■■■■■■■■■■■■■■■■■■■■                |  80% of 94.2 MiB
2025-10-05T00:47:17.1101117Z |■■■■■■■■■■■■■■■■■■■■■■■■■■■■■■■■■■■■■■■■■■■■■■■■■■■■■■■■■■■■■■■■■■■■■■■■        |  90% of 94.2 MiB
2025-10-05T00:47:17.1619948Z |■■■■■■■■■■■■■■■■■■■■■■■■■■■■■■■■■■■■■■■■■■■■■■■■■■■■■■■■■■■■■■■■■■■■■■■■■■■■■■■■| 100% of 94.2 MiB
2025-10-05T00:47:19.1795840Z Webkit 26.0 (playwright build v2203) downloaded to /home/runner/.cache/ms-playwright/webkit-2203
2025-10-05T00:47:19.1798925Z Downloading FFMPEG playwright build v1011 from https://cdn.playwright.dev/dbazure/download/playwright/builds/ffmpeg/1011/ffmpeg-linux.zip
2025-10-05T00:47:19.3423178Z |                                                                                |   0% of 2.3 MiB
2025-10-05T00:47:19.3472792Z |■■■■■■■■                                                                        |  10% of 2.3 MiB
2025-10-05T00:47:19.3503787Z |■■■■■■■■■■■■■■■■                                                                |  20% of 2.3 MiB
2025-10-05T00:47:19.3532525Z |■■■■■■■■■■■■■■■■■■■■■■■■                                                        |  30% of 2.3 MiB
2025-10-05T00:47:19.3557395Z |■■■■■■■■■■■■■■■■■■■■■■■■■■■■■■■■                                                |  40% of 2.3 MiB
2025-10-05T00:47:19.3583726Z |■■■■■■■■■■■■■■■■■■■■■■■■■■■■■■■■■■■■■■■■                                        |  50% of 2.3 MiB
2025-10-05T00:47:19.3608497Z |■■■■■■■■■■■■■■■■■■■■■■■■■■■■■■■■■■■■■■■■■■■■■■■■                                |  60% of 2.3 MiB
2025-10-05T00:47:19.3629224Z |■■■■■■■■■■■■■■■■■■■■■■■■■■■■■■■■■■■■■■■■■■■■■■■■■■■■■■■■                        |  70% of 2.3 MiB
2025-10-05T00:47:19.3650755Z |■■■■■■■■■■■■■■■■■■■■■■■■■■■■■■■■■■■■■■■■■■■■■■■■■■■■■■■■■■■■■■■■                |  80% of 2.3 MiB
2025-10-05T00:47:19.3670472Z |■■■■■■■■■■■■■■■■■■■■■■■■■■■■■■■■■■■■■■■■■■■■■■■■■■■■■■■■■■■■■■■■■■■■■■■■        |  90% of 2.3 MiB
2025-10-05T00:47:19.3692912Z |■■■■■■■■■■■■■■■■■■■■■■■■■■■■■■■■■■■■■■■■■■■■■■■■■■■■■■■■■■■■■■■■■■■■■■■■■■■■■■■■| 100% of 2.3 MiB
2025-10-05T00:47:19.4351038Z FFMPEG playwright build v1011 downloaded to /home/runner/.cache/ms-playwright/ffmpeg-1011
2025-10-05T00:47:19.8792315Z ##[group]Run npx playwright test tests/e2e --reporter=list
2025-10-05T00:47:19.8793104Z [36;1mnpx playwright test tests/e2e --reporter=list[0m
2025-10-05T00:47:19.8826772Z shell: /usr/bin/bash -e {0}
2025-10-05T00:47:19.8827006Z ##[endgroup]
2025-10-05T00:47:20.9960979Z Error: Cannot find module '@playwright/test'
2025-10-05T00:47:20.9961444Z Require stack:
2025-10-05T00:47:20.9962032Z - /home/runner/work/TransparenciaPolitica/TransparenciaPolitica/playwright.config.js
2025-10-05T00:47:20.9963466Z - /home/runner/work/TransparenciaPolitica/TransparenciaPolitica/node_modules/playwright/lib/transform/transform.js
2025-10-05T00:47:20.9964622Z - /home/runner/work/TransparenciaPolitica/TransparenciaPolitica/node_modules/playwright/lib/common/configLoader.js
2025-10-05T00:47:20.9965671Z - /home/runner/work/TransparenciaPolitica/TransparenciaPolitica/node_modules/playwright/lib/program.js
2025-10-05T00:47:20.9966787Z - /home/runner/work/TransparenciaPolitica/TransparenciaPolitica/node_modules/playwright/cli.js
2025-10-05T00:47:20.9967657Z     at Function.Module._resolveFilename (node:internal/modules/cjs/loader:1140:15)
2025-10-05T00:47:20.9969155Z     at Function.resolveFilename [as _resolveFilename] (/home/runner/work/TransparenciaPolitica/TransparenciaPolitica/node_modules/playwright/lib/transform/transform.js:240:36)
2025-10-05T00:47:20.9970568Z     at Function.Module._load (node:internal/modules/cjs/loader:981:27)
2025-10-05T00:47:20.9971295Z     at Module.require (node:internal/modules/cjs/loader:1231:19)
2025-10-05T00:47:20.9971933Z     at require (node:internal/modules/helpers:177:18)
2025-10-05T00:47:20.9973313Z     at Object.<anonymous> (/home/runner/work/TransparenciaPolitica/TransparenciaPolitica/playwright.config.js:1:26)
2025-10-05T00:47:20.9974474Z     at Module._compile (node:internal/modules/cjs/loader:1364:14)
2025-10-05T00:47:20.9975924Z     at Module.newCompile2 (/home/runner/work/TransparenciaPolitica/TransparenciaPolitica/node_modules/playwright/lib/third_party/pirates.js:46:29)
2025-10-05T00:47:20.9977398Z     at Object.Module._extensions..js (node:internal/modules/cjs/loader:1422:10)
2025-10-05T00:47:20.9978843Z     at Object.newLoader2 [as .js] (/home/runner/work/TransparenciaPolitica/TransparenciaPolitica/node_modules/playwright/lib/third_party/pirates.js:52:22)
2025-10-05T00:47:20.9980066Z     at Module.load (node:internal/modules/cjs/loader:1203:32)
2025-10-05T00:47:20.9980774Z     at Function.Module._load (node:internal/modules/cjs/loader:1019:12)
2025-10-05T00:47:20.9981501Z     at Module.require (node:internal/modules/cjs/loader:1231:19)
2025-10-05T00:47:20.9982121Z     at require (node:internal/modules/helpers:177:18)
2025-10-05T00:47:20.9983518Z     at requireOrImport (/home/runner/work/TransparenciaPolitica/TransparenciaPolitica/node_modules/playwright/lib/transform/transform.js:218:18)
2025-10-05T00:47:20.9985481Z     at loadUserConfig (/home/runner/work/TransparenciaPolitica/TransparenciaPolitica/node_modules/playwright/lib/common/configLoader.js:107:89)
2025-10-05T00:47:20.9987353Z     at loadConfig (/home/runner/work/TransparenciaPolitica/TransparenciaPolitica/node_modules/playwright/lib/common/configLoader.js:119:28)
2025-10-05T00:47:20.9989534Z     at loadConfigFromFile (/home/runner/work/TransparenciaPolitica/TransparenciaPolitica/node_modules/playwright/lib/common/configLoader.js:331:10)
2025-10-05T00:47:20.9991312Z     at runTests (/home/runner/work/TransparenciaPolitica/TransparenciaPolitica/node_modules/playwright/lib/program.js:145:18)
2025-10-05T00:47:20.9993119Z     at i.<anonymous> (/home/runner/work/TransparenciaPolitica/TransparenciaPolitica/node_modules/playwright/lib/program.js:64:7) {
2025-10-05T00:47:20.9994126Z   code: 'MODULE_NOT_FOUND',
2025-10-05T00:47:20.9994496Z   requireStack: [
2025-10-05T00:47:20.9995220Z     '/home/runner/work/TransparenciaPolitica/TransparenciaPolitica/playwright.config.js',
2025-10-05T00:47:20.9996860Z     '/home/runner/work/TransparenciaPolitica/TransparenciaPolitica/node_modules/playwright/lib/transform/transform.js',
2025-10-05T00:47:20.9998487Z     '/home/runner/work/TransparenciaPolitica/TransparenciaPolitica/node_modules/playwright/lib/common/configLoader.js',
2025-10-05T00:47:20.9999962Z     '/home/runner/work/TransparenciaPolitica/TransparenciaPolitica/node_modules/playwright/lib/program.js',
2025-10-05T00:47:21.0001258Z     '/home/runner/work/TransparenciaPolitica/TransparenciaPolitica/node_modules/playwright/cli.js'
2025-10-05T00:47:21.0001960Z   ]
2025-10-05T00:47:21.0002122Z }
2025-10-05T00:47:21.0197538Z ##[error]Process completed with exit code 1.
2025-10-05T00:47:21.0341922Z Post job cleanup.
2025-10-05T00:47:21.1274167Z [command]/usr/bin/git version
2025-10-05T00:47:21.1309747Z git version 2.51.0
2025-10-05T00:47:21.1354488Z Temporarily overriding HOME='/home/runner/work/_temp/46329ef2-a517-4b28-995e-09813a218758' before making global git config changes
2025-10-05T00:47:21.1355894Z Adding repository directory to the temporary git global config as a safe directory
2025-10-05T00:47:21.1361196Z [command]/usr/bin/git config --global --add safe.directory /home/runner/work/TransparenciaPolitica/TransparenciaPolitica
2025-10-05T00:47:21.1396929Z [command]/usr/bin/git config --local --name-only --get-regexp core\.sshCommand
2025-10-05T00:47:21.1429276Z [command]/usr/bin/git submodule foreach --recursive sh -c "git config --local --name-only --get-regexp 'core\.sshCommand' && git config --local --unset-all 'core.sshCommand' || :"
2025-10-05T00:47:21.1656823Z [command]/usr/bin/git config --local --name-only --get-regexp http\.https\:\/\/github\.com\/\.extraheader
2025-10-05T00:47:21.1678099Z http.https://github.com/.extraheader
2025-10-05T00:47:21.1690482Z [command]/usr/bin/git config --local --unset-all http.https://github.com/.extraheader
2025-10-05T00:47:21.1721960Z [command]/usr/bin/git submodule foreach --recursive sh -c "git config --local --name-only --get-regexp 'http\.https\:\/\/github\.com\/\.extraheader' && git config --local --unset-all 'http.https://github.com/.extraheader' || :"
2025-10-05T00:47:21.2039707Z Cleaning up orphan processes
